Archive member included to satisfy reference by file (symbol)

C:/ST/STM32CubeIDE_1.16.1/STM32CubeIDE/plugins/com.st.stm32cube.ide.mcu.externaltools.gnu-tools-for-stm32.12.3.rel1.win32_1.0.200.202406191623/tools/bin/../lib/gcc/arm-none-eabi/12.3.1/../../../../arm-none-eabi/lib/thumb/v7e-m+fp/hard\libc_nano.a(libc_a-exit.o)
                              C:/ST/STM32CubeIDE_1.16.1/STM32CubeIDE/plugins/com.st.stm32cube.ide.mcu.externaltools.gnu-tools-for-stm32.12.3.rel1.win32_1.0.200.202406191623/tools/bin/../lib/gcc/arm-none-eabi/12.3.1/../../../../arm-none-eabi/lib/thumb/v7e-m+fp/hard/crt0.o (exit)
C:/ST/STM32CubeIDE_1.16.1/STM32CubeIDE/plugins/com.st.stm32cube.ide.mcu.externaltools.gnu-tools-for-stm32.12.3.rel1.win32_1.0.200.202406191623/tools/bin/../lib/gcc/arm-none-eabi/12.3.1/../../../../arm-none-eabi/lib/thumb/v7e-m+fp/hard\libc_nano.a(libc_a-findfp.o)
                              C:/ST/STM32CubeIDE_1.16.1/STM32CubeIDE/plugins/com.st.stm32cube.ide.mcu.externaltools.gnu-tools-for-stm32.12.3.rel1.win32_1.0.200.202406191623/tools/bin/../lib/gcc/arm-none-eabi/12.3.1/../../../../arm-none-eabi/lib/thumb/v7e-m+fp/hard\libc_nano.a(libc_a-exit.o) (__stdio_exit_handler)
C:/ST/STM32CubeIDE_1.16.1/STM32CubeIDE/plugins/com.st.stm32cube.ide.mcu.externaltools.gnu-tools-for-stm32.12.3.rel1.win32_1.0.200.202406191623/tools/bin/../lib/gcc/arm-none-eabi/12.3.1/../../../../arm-none-eabi/lib/thumb/v7e-m+fp/hard\libc_nano.a(libc_a-fwalk.o)
                              C:/ST/STM32CubeIDE_1.16.1/STM32CubeIDE/plugins/com.st.stm32cube.ide.mcu.externaltools.gnu-tools-for-stm32.12.3.rel1.win32_1.0.200.202406191623/tools/bin/../lib/gcc/arm-none-eabi/12.3.1/../../../../arm-none-eabi/lib/thumb/v7e-m+fp/hard\libc_nano.a(libc_a-findfp.o) (_fwalk_sglue)
C:/ST/STM32CubeIDE_1.16.1/STM32CubeIDE/plugins/com.st.stm32cube.ide.mcu.externaltools.gnu-tools-for-stm32.12.3.rel1.win32_1.0.200.202406191623/tools/bin/../lib/gcc/arm-none-eabi/12.3.1/../../../../arm-none-eabi/lib/thumb/v7e-m+fp/hard\libc_nano.a(libc_a-sprintf.o)
                              ./Core/Src/main.o (sprintf)
C:/ST/STM32CubeIDE_1.16.1/STM32CubeIDE/plugins/com.st.stm32cube.ide.mcu.externaltools.gnu-tools-for-stm32.12.3.rel1.win32_1.0.200.202406191623/tools/bin/../lib/gcc/arm-none-eabi/12.3.1/../../../../arm-none-eabi/lib/thumb/v7e-m+fp/hard\libc_nano.a(libc_a-stdio.o)
                              C:/ST/STM32CubeIDE_1.16.1/STM32CubeIDE/plugins/com.st.stm32cube.ide.mcu.externaltools.gnu-tools-for-stm32.12.3.rel1.win32_1.0.200.202406191623/tools/bin/../lib/gcc/arm-none-eabi/12.3.1/../../../../arm-none-eabi/lib/thumb/v7e-m+fp/hard\libc_nano.a(libc_a-findfp.o) (__sread)
C:/ST/STM32CubeIDE_1.16.1/STM32CubeIDE/plugins/com.st.stm32cube.ide.mcu.externaltools.gnu-tools-for-stm32.12.3.rel1.win32_1.0.200.202406191623/tools/bin/../lib/gcc/arm-none-eabi/12.3.1/../../../../arm-none-eabi/lib/thumb/v7e-m+fp/hard\libc_nano.a(libc_a-memset.o)
                              C:/ST/STM32CubeIDE_1.16.1/STM32CubeIDE/plugins/com.st.stm32cube.ide.mcu.externaltools.gnu-tools-for-stm32.12.3.rel1.win32_1.0.200.202406191623/tools/bin/../lib/gcc/arm-none-eabi/12.3.1/../../../../arm-none-eabi/lib/thumb/v7e-m+fp/hard/crt0.o (memset)
C:/ST/STM32CubeIDE_1.16.1/STM32CubeIDE/plugins/com.st.stm32cube.ide.mcu.externaltools.gnu-tools-for-stm32.12.3.rel1.win32_1.0.200.202406191623/tools/bin/../lib/gcc/arm-none-eabi/12.3.1/../../../../arm-none-eabi/lib/thumb/v7e-m+fp/hard\libc_nano.a(libc_a-closer.o)
                              C:/ST/STM32CubeIDE_1.16.1/STM32CubeIDE/plugins/com.st.stm32cube.ide.mcu.externaltools.gnu-tools-for-stm32.12.3.rel1.win32_1.0.200.202406191623/tools/bin/../lib/gcc/arm-none-eabi/12.3.1/../../../../arm-none-eabi/lib/thumb/v7e-m+fp/hard\libc_nano.a(libc_a-stdio.o) (_close_r)
C:/ST/STM32CubeIDE_1.16.1/STM32CubeIDE/plugins/com.st.stm32cube.ide.mcu.externaltools.gnu-tools-for-stm32.12.3.rel1.win32_1.0.200.202406191623/tools/bin/../lib/gcc/arm-none-eabi/12.3.1/../../../../arm-none-eabi/lib/thumb/v7e-m+fp/hard\libc_nano.a(libc_a-reent.o)
                              C:/ST/STM32CubeIDE_1.16.1/STM32CubeIDE/plugins/com.st.stm32cube.ide.mcu.externaltools.gnu-tools-for-stm32.12.3.rel1.win32_1.0.200.202406191623/tools/bin/../lib/gcc/arm-none-eabi/12.3.1/../../../../arm-none-eabi/lib/thumb/v7e-m+fp/hard\libc_nano.a(libc_a-closer.o) (errno)
C:/ST/STM32CubeIDE_1.16.1/STM32CubeIDE/plugins/com.st.stm32cube.ide.mcu.externaltools.gnu-tools-for-stm32.12.3.rel1.win32_1.0.200.202406191623/tools/bin/../lib/gcc/arm-none-eabi/12.3.1/../../../../arm-none-eabi/lib/thumb/v7e-m+fp/hard\libc_nano.a(libc_a-impure.o)
                              C:/ST/STM32CubeIDE_1.16.1/STM32CubeIDE/plugins/com.st.stm32cube.ide.mcu.externaltools.gnu-tools-for-stm32.12.3.rel1.win32_1.0.200.202406191623/tools/bin/../lib/gcc/arm-none-eabi/12.3.1/../../../../arm-none-eabi/lib/thumb/v7e-m+fp/hard\libc_nano.a(libc_a-sprintf.o) (_impure_ptr)
[...]
Memory Configuration

Name             Origin             Length             Attributes
RAM              0x20000000         0x00018000         xrw
RAM2             0x10000000         0x00008000         xrw
FLASH            0x08000000         0x00100000         xr
*default*        0x00000000         0xffffffff

Linker script and memory map

LOAD C:/ST/STM32CubeIDE_1.16.1/STM32CubeIDE/plugins/com.st.stm32cube.ide.mcu.externaltools.gnu-tools-for-stm32.12.3.rel1.win32_1.0.200.202406191623/tools/bin/../lib/gcc/arm-none-eabi/12.3.1/thumb/v7e-m+fp/hard/crti.o
LOAD C:/ST/STM32CubeIDE_1.16.1/STM32CubeIDE/plugins/com.st.stm32cube.ide.mcu.externaltools.gnu-tools-for-stm32.12.3.rel1.win32_1.0.200.202406191623/tools/bin/../lib/gcc/arm-none-eabi/12.3.1/thumb/v7e-m+fp/hard/crtbegin.o
LOAD C:/ST/STM32CubeIDE_1.16.1/STM32CubeIDE/plugins/com.st.stm32cube.ide.mcu.externaltools.gnu-tools-for-stm32.12.3.rel1.win32_1.0.200.202406191623/tools/bin/../lib/gcc/arm-none-eabi/12.3.1/../../../../arm-none-eabi/lib/thumb/v7e-m+fp/hard/crt0.o
LOAD ./Core/Src/effects.o
LOAD ./Core/Src/main.o
LOAD ./Core/Src/stm32l4xx_hal_msp.o
LOAD ./Core/Src/stm32l4xx_hal_timebase_tim.o
LOAD ./Core/Src/stm32l4xx_it.o
LOAD ./Core/Src/syscalls.o
LOAD ./Core/Src/sysmem.o
LOAD ./Core/Src/system_stm32l4xx.o
LOAD ./Core/Startup/startup_stm32l476rgtx.o
LOAD ./Drivers/STM32L4xx_HAL_Driver/Src/stm32l4xx_hal.o
LOAD ./Drivers/STM32L4xx_HAL_Driver/Src/stm32l4xx_hal_adc.o
LOAD ./Drivers/STM32L4xx_HAL_Driver/Src/stm32l4xx_hal_adc_ex.o
LOAD ./Drivers/STM32L4xx_HAL_Driver/Src/stm32l4xx_hal_cortex.o
LOAD ./Drivers/STM32L4xx_HAL_Driver/Src/stm32l4xx_hal_dac.o
LOAD ./Drivers/STM32L4xx_HAL_Driver/Src/stm32l4xx_hal_dac_ex.o
LOAD ./Drivers/STM32L4xx_HAL_Driver/Src/stm32l4xx_hal_dma.o
LOAD ./Drivers/STM32L4xx_HAL_Driver/Src/stm32l4xx_hal_dma_ex.o
LOAD ./Drivers/STM32L4xx_HAL_Driver/Src/stm32l4xx_hal_exti.o
LOAD ./Drivers/STM32L4xx_HAL_Driver/Src/stm32l4xx_hal_flash.o
LOAD ./Drivers/STM32L4xx_HAL_Driver/Src/stm32l4xx_hal_flash_ex.o
LOAD ./Drivers/STM32L4xx_HAL_Driver/Src/stm32l4xx_hal_flash_ramfunc.o
LOAD ./Drivers/STM32L4xx_HAL_Driver/Src/stm32l4xx_hal_gpio.o
LOAD ./Drivers/STM32L4xx_HAL_Driver/Src/stm32l4xx_hal_i2c.o
LOAD ./Drivers/STM32L4xx_HAL_Driver/Src/stm32l4xx_hal_i2c_ex.o
LOAD ./Drivers/STM32L4xx_HAL_Driver/Src/stm32l4xx_hal_opamp.o
LOAD ./Drivers/STM32L4xx_HAL_Driver/Src/stm32l4xx_hal_opamp_ex.o
LOAD ./Drivers/STM32L4xx_HAL_Driver/Src/stm32l4xx_hal_pwr.o
LOAD ./Drivers/STM32L4xx_HAL_Driver/Src/stm32l4xx_hal_pwr_ex.o
LOAD ./Drivers/STM32L4xx_HAL_Driver/Src/stm32l4xx_hal_rcc.o
LOAD ./Drivers/STM32L4xx_HAL_Driver/Src/stm32l4xx_hal_rcc_ex.o
LOAD ./Drivers/STM32L4xx_HAL_Driver/Src/stm32l4xx_hal_tim.o
LOAD ./Drivers/STM32L4xx_HAL_Driver/Src/stm32l4xx_hal_tim_ex.o
LOAD ./Drivers/STM32L4xx_HAL_Driver/Src/stm32l4xx_hal_uart.o
LOAD ./Drivers/STM32L4xx_HAL_Driver/Src/stm32l4xx_hal_uart_ex.o
START GROUP
LOAD C:/ST/STM32CubeIDE_1.16.1/STM32CubeIDE/plugins/com.st.stm32cube.ide.mcu.externaltools.gnu-tools-for-stm32.12.3.rel1.win32_1.0.200.202406191623/tools/bin/../lib/gcc/arm-none-eabi/12.3.1/../../../../arm-none-eabi/lib/thumb/v7e-m+fp/hard\libc_nano.a
LOAD C:/ST/STM32CubeIDE_1.16.1/STM32CubeIDE/plugins/com.st.stm32cube.ide.mcu.externaltools.gnu-tools-for-stm32.12.3.rel1.win32_1.0.200.202406191623/tools/bin/../lib/gcc/arm-none-eabi/12.3.1/../../../../arm-none-eabi/lib/thumb/v7e-m+fp/hard\libm.a
END GROUP
START GROUP
LOAD C:/ST/STM32CubeIDE_1.16.1/STM32CubeIDE/plugins/com.st.stm32cube.ide.mcu.externaltools.gnu-tools-for-stm32.12.3.rel1.win32_1.0.200.202406191623/tools/bin/../lib/gcc/arm-none-eabi/12.3.1/thumb/v7e-m+fp/hard\libgcc.a
LOAD C:/ST/STM32CubeIDE_1.16.1/STM32CubeIDE/plugins/com.st.stm32cube.ide.mcu.externaltools.gnu-tools-for-stm32.12.3.rel1.win32_1.0.200.202406191623/tools/bin/../lib/gcc/arm-none-eabi/12.3.1/../../../../arm-none-eabi/lib/thumb/v7e-m+fp/hard\libc_nano.a
END GROUP
START GROUP
LOAD C:/ST/STM32CubeIDE_1.16.1/STM32CubeIDE/plugins/com.st.stm32cube.ide.mcu.externaltools.gnu-tools-for-stm32.12.3.rel1.win32_1.0.200.202406191623/tools/bin/../lib/gcc/arm-none-eabi/12.3.1/thumb/v7e-m+fp/hard\libgcc.a
LOAD C:/ST/STM32CubeIDE_1.16.1/STM32CubeIDE/plugins/com.st.stm32cube.ide.mcu.externaltools.gnu-tools-for-stm32.12.3.rel1.win32_1.0.200.202406191623/tools/bin/../lib/gcc/arm-none-eabi/12.3.1/../../../../arm-none-eabi/lib/thumb/v7e-m+fp/hard\libc_nano.a
LOAD C:/ST/STM32CubeIDE_1.16.1/STM32CubeIDE/plugins/com.st.stm32cube.ide.mcu.externaltools.gnu-tools-for-stm32.12.3.rel1.win32_1.0.200.202406191623/tools/bin/../lib/gcc/arm-none-eabi/12.3.1/../../../../arm-none-eabi/lib/thumb/v7e-m+fp/hard\libnosys.a
END GROUP
START GROUP
LOAD C:/ST/STM32CubeIDE_1.16.1/STM32CubeIDE/plugins/com.st.stm32cube.ide.mcu.externaltools.gnu-tools-for-stm32.12.3.rel1.win32_1.0.200.202406191623/tools/bin/../lib/gcc/arm-none-eabi/12.3.1/thumb/v7e-m+fp/hard\libgcc.a
LOAD C:/ST/STM32CubeIDE_1.16.1/STM32CubeIDE/plugins/com.st.stm32cube.ide.mcu.externaltools.gnu-tools-for-stm32.12.3.rel1.win32_1.0.200.202406191623/tools/bin/../lib/gcc/arm-none-eabi/12.3.1/../../../../arm-none-eabi/lib/thumb/v7e-m+fp/hard\libc_nano.a
LOAD C:/ST/STM32CubeIDE_1.16.1/STM32CubeIDE/plugins/com.st.stm32cube.ide.mcu.externaltools.gnu-tools-for-stm32.12.3.rel1.win32_1.0.200.202406191623/tools/bin/../lib/gcc/arm-none-eabi/12.3.1/../../../../arm-none-eabi/lib/thumb/v7e-m+fp/hard\libnosys.a
END GROUP
LOAD C:/ST/STM32CubeIDE_1.16.1/STM32CubeIDE/plugins/com.st.stm32cube.ide.mcu.externaltools.gnu-tools-for-stm32.12.3.rel1.win32_1.0.200.202406191623/tools/bin/../lib/gcc/arm-none-eabi/12.3.1/thumb/v7e-m+fp/hard/crtend.o
LOAD C:/ST/STM32CubeIDE_1.16.1/STM32CubeIDE/plugins/com.st.stm32cube.ide.mcu.externaltools.gnu-tools-for-stm32.12.3.rel1.win32_1.0.200.202406191623/tools/bin/../lib/gcc/arm-none-eabi/12.3.1/thumb/v7e-m+fp/hard/crtn.o
                0x20018000                        _estack = (ORIGIN (RAM) + LENGTH (RAM))
                0x00000200                        _Min_Heap_Size = 0x200
                0x00000400                        _Min_Stack_Size = 0x400

.isr_vector     0x08000000      0x188
                0x08000000                        . = ALIGN (0x4)
 *(.isr_vector)
 .isr_vector    0x08000000      0x188 ./Core/Startup/startup_stm32l476rgtx.o
                0x08000000                g_pfnVectors
                0x08000188                        . = ALIGN (0x4)

.text           0x08000190     0x7844
                0x08000190                        . = ALIGN (0x4)
 *(.text)
 .text          0x08000190       0x40 C:/ST/STM32CubeIDE_1.16.1/STM32CubeIDE/plugins/com.st.stm32cube.ide.mcu.externaltools.gnu-tools-for-stm32.12.3.rel1.win32_1.0.200.202406191623/tools/bin/../lib/gcc/arm-none-eabi/12.3.1/thumb/v7e-m+fp/hard/crtbegin.o
 .text          0x080001d0       0x10 C:/ST/STM32CubeIDE_1.16.1/STM32CubeIDE/plugins/com.st.stm32cube.ide.mcu.externaltools.gnu-tools-for-stm32.12.3.rel1.win32_1.0.200.202406191623/tools/bin/../lib/gcc/arm-none-eabi/12.3.1/../../../../arm-none-eabi/lib/thumb/v7e-m+fp/hard\libc_nano.a(libc_a-strlen.o)
                0x080001d0                strlen
 .text          0x080001e0       0xa0 C:/ST/STM32CubeIDE_1.16.1/STM32CubeIDE/plugins/com.st.stm32cube.ide.mcu.externaltools.gnu-tools-for-stm32.12.3.rel1.win32_1.0.200.202406191623/tools/bin/../lib/gcc/arm-none-eabi/12.3.1/../../../../arm-none-eabi/lib/thumb/v7e-m+fp/hard\libc_nano.a(libc_a-memchr.o)
                0x080001e0                memchr
 .text          0x08000280       0x30 C:/ST/STM32CubeIDE_1.16.1/STM32CubeIDE/plugins/com.st.stm32cube.ide.mcu.externaltools.gnu-tools-for-stm32.12.3.rel1.win32_1.0.200.202406191623/tools/bin/../lib/gcc/arm-none-eabi/12.3.1/thumb/v7e-m+fp/hard\libgcc.a(_aeabi_uldivmod.o)
                0x08000280                __aeabi_uldivmod
 .text          0x080002b0      0x2bc C:/ST/STM32CubeIDE_1.16.1/STM32CubeIDE/plugins/com.st.stm32cube.ide.mcu.externaltools.gnu-tools-for-stm32.12.3.rel1.win32_1.0.200.202406191623/tools/bin/../lib/gcc/arm-none-eabi/12.3.1/thumb/v7e-m+fp/hard\libgcc.a(_udivmoddi4.o)
                0x080002b0                __udivmoddi4
 .text          0x0800056c        0x4 C:/ST/STM32CubeIDE_1.16.1/STM32CubeIDE/plugins/com.st.stm32cube.ide.mcu.externaltools.gnu-tools-for-stm32.12.3.rel1.win32_1.0.200.202406191623/tools/bin/../lib/gcc/arm-none-eabi/12.3.1/thumb/v7e-m+fp/hard\libgcc.a(_dvmd_tls.o)
                0x0800056c                __aeabi_idiv0
                0x0800056c                __aeabi_ldiv0
 *(.text*)
 .text.recordCurrentSampleForDelayEffects
                0x08000570       0x42 ./Core/Src/effects.o
                0x08000570                recordCurrentSampleForDelayEffects
 .text.getDelaySample
                0x080005b2       0x3c ./Core/Src/effects.o
                0x080005b2                getDelaySample
 *fill*         0x080005ee        0x2 
 .text.delay    0x080005f0       0x44 ./Core/Src/effects.o
                0x080005f0                delay
 .text.crossfade
                0x08000634       0x3e ./Core/Src/effects.o
                0x08000634                crossfade
 *fill*         0x08000672        0x2 
 .text.octaveUp
                0x08000674       0x84 ./Core/Src/effects.o
                0x08000674                octaveUp
 .text.octaveDown
                0x080006f8       0x8c ./Core/Src/effects.o
                0x080006f8                octaveDown
 .text.octave   0x08000784       0x88 ./Core/Src/effects.o
                0x08000784                octave
 .text.distortion
                0x0800080c       0x94 ./Core/Src/effects.o
                0x0800080c                distortion
 .text.writeAnalog
                0x080008a0       0x24 ./Core/Src/main.o
                0x080008a0                writeAnalog
 .text.sendMessageToComputer
                0x080008c4       0x2c ./Core/Src/main.o
                0x080008c4                sendMessageToComputer
 .text.processSample
                0x080008f0       0x90 ./Core/Src/main.o
                0x080008f0                processSample
 .text.processHalfBuffer
                0x08000980       0x42 ./Core/Src/main.o
                0x08000980                processHalfBuffer
 *fill*         0x080009c2        0x2 
 .text.HAL_ADC_ConvHalfCpltCallback
                0x080009c4       0x20 ./Core/Src/main.o
                0x080009c4                HAL_ADC_ConvHalfCpltCallback
 .text.HAL_ADC_ConvCpltCallback
                0x080009e4       0x24 ./Core/Src/main.o
                0x080009e4                HAL_ADC_ConvCpltCallback
 .text.readAnalog
                0x08000a08       0x2a ./Core/Src/main.o
                0x08000a08                readAnalog
 *fill*         0x08000a32        0x2 
 .text.main     0x08000a34      0x1c0 ./Core/Src/main.o
                0x08000a34                main
 .text.SystemClock_Config
                0x08000bf4       0xa2 ./Core/Src/main.o
                0x08000bf4                SystemClock_Config
 .text.PeriphCommonClock_Config
                0x08000c96       0x56 ./Core/Src/main.o
                0x08000c96                PeriphCommonClock_Config
 .text.MX_ADC1_Init
                0x08000cec       0xf0 ./Core/Src/main.o
 .text.MX_ADC2_Init
                0x08000ddc       0xc8 ./Core/Src/main.o
 .text.MX_ADC3_Init
                0x08000ea4       0xc8 ./Core/Src/main.o
 .text.MX_DAC1_Init
                0x08000f6c       0x7c ./Core/Src/main.o
 .text.MX_OPAMP2_Init
                0x08000fe8       0x54 ./Core/Src/main.o
 .text.MX_TIM2_Init
                0x0800103c       0x9c ./Core/Src/main.o
 .text.MX_USART2_UART_Init
                0x080010d8       0x60 ./Core/Src/main.o
 .text.MX_DMA_Init
                0x08001138       0x4c ./Core/Src/main.o
 .text.MX_GPIO_Init
                0x08001184       0xe8 ./Core/Src/main.o
 .text.HAL_TIM_PeriodElapsedCallback
                0x0800126c       0x24 ./Core/Src/main.o
                0x0800126c                HAL_TIM_PeriodElapsedCallback
 .text.Error_Handler
                0x08001290        0xc ./Core/Src/main.o
                0x08001290                Error_Handler
 .text.HAL_MspInit
                0x0800129c       0x48 ./Core/Src/stm32l4xx_hal_msp.o
                0x0800129c                HAL_MspInit
 .text.HAL_ADC_MspInit
                0x080012e4      0x1cc ./Core/Src/stm32l4xx_hal_msp.o
                0x080012e4                HAL_ADC_MspInit
 .text.HAL_DAC_MspInit
                0x080014b0       0xec ./Core/Src/stm32l4xx_hal_msp.o
                0x080014b0                HAL_DAC_MspInit
 .text.HAL_OPAMP_MspInit
                0x0800159c       0xb0 ./Core/Src/stm32l4xx_hal_msp.o
                0x0800159c                HAL_OPAMP_MspInit
 .text.HAL_TIM_Base_MspInit
                0x0800164c       0x3c ./Core/Src/stm32l4xx_hal_msp.o
                0x0800164c                HAL_TIM_Base_MspInit
 .text.HAL_UART_MspInit
                0x08001688       0xb8 ./Core/Src/stm32l4xx_hal_msp.o
                0x08001688                HAL_UART_MspInit
 .text.HAL_InitTick
                0x08001740       0xf4 ./Core/Src/stm32l4xx_hal_timebase_tim.o
                0x08001740                HAL_InitTick
 .text.NMI_Handler
                0x08001834        0x8 ./Core/Src/stm32l4xx_it.o
                0x08001834                NMI_Handler
 .text.HardFault_Handler
                0x0800183c        0x8 ./Core/Src/stm32l4xx_it.o
                0x0800183c                HardFault_Handler
 .text.MemManage_Handler
                0x08001844        0x8 ./Core/Src/stm32l4xx_it.o
                0x08001844                MemManage_Handler
 .text.BusFault_Handler
                0x0800184c        0x8 ./Core/Src/stm32l4xx_it.o
                0x0800184c                BusFault_Handler
 .text.UsageFault_Handler
                0x08001854        0x8 ./Core/Src/stm32l4xx_it.o
                0x08001854                UsageFault_Handler
 .text.SVC_Handler
                0x0800185c        0xe ./Core/Src/stm32l4xx_it.o
                0x0800185c                SVC_Handler
 .text.DebugMon_Handler
                0x0800186a        0xe ./Core/Src/stm32l4xx_it.o
                0x0800186a                DebugMon_Handler
 .text.PendSV_Handler
                0x08001878        0xe ./Core/Src/stm32l4xx_it.o
                0x08001878                PendSV_Handler
 .text.SysTick_Handler
                0x08001886        0xe ./Core/Src/stm32l4xx_it.o
                0x08001886                SysTick_Handler
 .text.DMA1_Channel1_IRQHandler
                0x08001894       0x14 ./Core/Src/stm32l4xx_it.o
                0x08001894                DMA1_Channel1_IRQHandler
 .text.DMA1_Channel3_IRQHandler
                0x080018a8       0x14 ./Core/Src/stm32l4xx_it.o
                0x080018a8                DMA1_Channel3_IRQHandler
 .text.TIM6_DAC_IRQHandler
                0x080018bc       0x1c ./Core/Src/stm32l4xx_it.o
                0x080018bc                TIM6_DAC_IRQHandler
 .text._sbrk    0x080018d8       0x6c ./Core/Src/sysmem.o
                0x080018d8                _sbrk
 .text.SystemInit
                0x08001944       0x24 ./Core/Src/system_stm32l4xx.o
                0x08001944                SystemInit
 .text.Reset_Handler
                0x08001968       0x50 ./Core/Startup/startup_stm32l476rgtx.o
                0x08001968                Reset_Handler
 .text.Default_Handler
                0x080019b8        0x2 ./Core/Startup/startup_stm32l476rgtx.o
                0x080019b8                RTC_Alarm_IRQHandler
                0x080019b8                EXTI2_IRQHandler
                0x080019b8                TIM8_TRG_COM_IRQHandler
                0x080019b8                TIM8_CC_IRQHandler
                0x080019b8                TIM1_CC_IRQHandler
                0x080019b8                TSC_IRQHandler
                0x080019b8                TAMP_STAMP_IRQHandler
                0x080019b8                EXTI3_IRQHandler
                0x080019b8                LPTIM2_IRQHandler
                0x080019b8                DFSDM1_FLT1_IRQHandler
                0x080019b8                I2C3_ER_IRQHandler
                0x080019b8                DFSDM1_FLT2_IRQHandler
                0x080019b8                EXTI0_IRQHandler
                0x080019b8                I2C2_EV_IRQHandler
                0x080019b8                CAN1_RX0_IRQHandler
                0x080019b8                FPU_IRQHandler
                0x080019b8                TIM1_UP_TIM16_IRQHandler
                0x080019b8                ADC1_2_IRQHandler
                0x080019b8                SPI1_IRQHandler
                0x080019b8                TIM8_UP_IRQHandler
                0x080019b8                DMA2_Channel2_IRQHandler
                0x080019b8                DMA1_Channel4_IRQHandler
                0x080019b8                SAI2_IRQHandler
                0x080019b8                DFSDM1_FLT3_IRQHandler
                0x080019b8                USART3_IRQHandler
                0x080019b8                DMA1_Channel7_IRQHandler
                0x080019b8                CAN1_RX1_IRQHandler
                0x080019b8                LCD_IRQHandler
                0x080019b8                UART5_IRQHandler
                0x080019b8                ADC3_IRQHandler
                0x080019b8                TIM4_IRQHandler
                0x080019b8                DMA2_Channel1_IRQHandler
                0x080019b8                QUADSPI_IRQHandler
                0x080019b8                I2C1_EV_IRQHandler
                0x080019b8                DMA1_Channel6_IRQHandler
                0x080019b8                UART4_IRQHandler
                0x080019b8                DMA2_Channel4_IRQHandler
                0x080019b8                TIM3_IRQHandler
                0x080019b8                RCC_IRQHandler
                0x080019b8                Default_Handler
                0x080019b8                DMA2_Channel7_IRQHandler
                0x080019b8                EXTI15_10_IRQHandler
                0x080019b8                TIM7_IRQHandler
                0x080019b8                SDMMC1_IRQHandler
                0x080019b8                TIM5_IRQHandler
                0x080019b8                I2C3_EV_IRQHandler
                0x080019b8                EXTI9_5_IRQHandler
                0x080019b8                RTC_WKUP_IRQHandler
                0x080019b8                PVD_PVM_IRQHandler
                0x080019b8                SPI2_IRQHandler
                0x080019b8                CAN1_TX_IRQHandler
                0x080019b8                DMA2_Channel5_IRQHandler
                0x080019b8                DMA1_Channel5_IRQHandler
                0x080019b8                EXTI4_IRQHandler
                0x080019b8                RNG_IRQHandler
                0x080019b8                TIM1_TRG_COM_TIM17_IRQHandler
                0x080019b8                COMP_IRQHandler
                0x080019b8                WWDG_IRQHandler
                0x080019b8                LPUART1_IRQHandler
                0x080019b8                DMA2_Channel6_IRQHandler
                0x080019b8                TIM2_IRQHandler
                0x080019b8                EXTI1_IRQHandler
                0x080019b8                USART2_IRQHandler
                0x080019b8                DFSDM1_FLT0_IRQHandler
                0x080019b8                I2C2_ER_IRQHandler
                0x080019b8                DMA1_Channel2_IRQHandler
                0x080019b8                TIM8_BRK_IRQHandler
                0x080019b8                CAN1_SCE_IRQHandler
                0x080019b8                FLASH_IRQHandler
                0x080019b8                USART1_IRQHandler
                0x080019b8                OTG_FS_IRQHandler
                0x080019b8                SPI3_IRQHandler
                0x080019b8                I2C1_ER_IRQHandler
                0x080019b8                FMC_IRQHandler
                0x080019b8                SWPMI1_IRQHandler
                0x080019b8                LPTIM1_IRQHandler
                0x080019b8                SAI1_IRQHandler
                0x080019b8                DMA2_Channel3_IRQHandler
                0x080019b8                TIM1_BRK_TIM15_IRQHandler
 *fill*         0x080019ba        0x2 
 .text.HAL_Init
                0x080019bc       0x40 ./Drivers/STM32L4xx_HAL_Driver/Src/stm32l4xx_hal.o
                0x080019bc                HAL_Init
 .text.HAL_IncTick
                0x080019fc       0x28 ./Drivers/STM32L4xx_HAL_Driver/Src/stm32l4xx_hal.o
                0x080019fc                HAL_IncTick
 .text.HAL_GetTick
                0x08001a24       0x18 ./Drivers/STM32L4xx_HAL_Driver/Src/stm32l4xx_hal.o
                0x08001a24                HAL_GetTick
 .text.HAL_Delay
                0x08001a3c       0x48 ./Drivers/STM32L4xx_HAL_Driver/Src/stm32l4xx_hal.o
                0x08001a3c                HAL_Delay
 .text.LL_ADC_SetCommonClock
                0x08001a84       0x26 ./Drivers/STM32L4xx_HAL_Driver/Src/stm32l4xx_hal_adc.o
 .text.LL_ADC_SetCommonPathInternalCh
                0x08001aaa       0x26 ./Drivers/STM32L4xx_HAL_Driver/Src/stm32l4xx_hal_adc.o
 .text.LL_ADC_GetCommonPathInternalCh
                0x08001ad0       0x1c ./Drivers/STM32L4xx_HAL_Driver/Src/stm32l4xx_hal_adc.o
 .text.LL_ADC_SetOffset
                0x08001aec       0x48 ./Drivers/STM32L4xx_HAL_Driver/Src/stm32l4xx_hal_adc.o
 .text.LL_ADC_GetOffsetChannel
                0x08001b34       0x2c ./Drivers/STM32L4xx_HAL_Driver/Src/stm32l4xx_hal_adc.o
 .text.LL_ADC_SetOffsetState
                0x08001b60       0x36 ./Drivers/STM32L4xx_HAL_Driver/Src/stm32l4xx_hal_adc.o
 .text.LL_ADC_REG_IsTriggerSourceSWStart
                0x08001b96       0x26 ./Drivers/STM32L4xx_HAL_Driver/Src/stm32l4xx_hal_adc.o
 .text.LL_ADC_REG_SetSequencerRanks
                0x08001bbc       0x58 ./Drivers/STM32L4xx_HAL_Driver/Src/stm32l4xx_hal_adc.o
 .text.LL_ADC_SetChannelSamplingTime
                0x08001c14       0x56 ./Drivers/STM32L4xx_HAL_Driver/Src/stm32l4xx_hal_adc.o
 *fill*         0x08001c6a        0x2 
 .text.LL_ADC_SetChannelSingleDiff
                0x08001c6c       0x48 ./Drivers/STM32L4xx_HAL_Driver/Src/stm32l4xx_hal_adc.o
 .text.LL_ADC_GetMultimode
                0x08001cb4       0x1c ./Drivers/STM32L4xx_HAL_Driver/Src/stm32l4xx_hal_adc.o
 .text.LL_ADC_GetMultiDMATransfer
                0x08001cd0       0x1c ./Drivers/STM32L4xx_HAL_Driver/Src/stm32l4xx_hal_adc.o
 .text.LL_ADC_DisableDeepPowerDown
                0x08001cec       0x24 ./Drivers/STM32L4xx_HAL_Driver/Src/stm32l4xx_hal_adc.o
 .text.LL_ADC_IsDeepPowerDownEnabled
                0x08001d10       0x28 ./Drivers/STM32L4xx_HAL_Driver/Src/stm32l4xx_hal_adc.o
 .text.LL_ADC_EnableInternalRegulator
                0x08001d38       0x28 ./Drivers/STM32L4xx_HAL_Driver/Src/stm32l4xx_hal_adc.o
 .text.LL_ADC_IsInternalRegulatorEnabled
                0x08001d60       0x28 ./Drivers/STM32L4xx_HAL_Driver/Src/stm32l4xx_hal_adc.o
 .text.LL_ADC_Enable
                0x08001d88       0x28 ./Drivers/STM32L4xx_HAL_Driver/Src/stm32l4xx_hal_adc.o
 .text.LL_ADC_IsEnabled
                0x08001db0       0x26 ./Drivers/STM32L4xx_HAL_Driver/Src/stm32l4xx_hal_adc.o
 .text.LL_ADC_REG_StartConversion
                0x08001dd6       0x28 ./Drivers/STM32L4xx_HAL_Driver/Src/stm32l4xx_hal_adc.o
 .text.LL_ADC_REG_IsConversionOngoing
                0x08001dfe       0x26 ./Drivers/STM32L4xx_HAL_Driver/Src/stm32l4xx_hal_adc.o
 .text.LL_ADC_INJ_IsConversionOngoing
                0x08001e24       0x26 ./Drivers/STM32L4xx_HAL_Driver/Src/stm32l4xx_hal_adc.o
 *fill*         0x08001e4a        0x2 
 .text.HAL_ADC_Init
                0x08001e4c      0x2a0 ./Drivers/STM32L4xx_HAL_Driver/Src/stm32l4xx_hal_adc.o
                0x08001e4c                HAL_ADC_Init
 .text.HAL_ADC_Start
                0x080020ec      0x174 ./Drivers/STM32L4xx_HAL_Driver/Src/stm32l4xx_hal_adc.o
                0x080020ec                HAL_ADC_Start
 .text.HAL_ADC_PollForConversion
                0x08002260      0x1b0 ./Drivers/STM32L4xx_HAL_Driver/Src/stm32l4xx_hal_adc.o
                0x08002260                HAL_ADC_PollForConversion
 .text.HAL_ADC_Start_DMA
                0x08002410      0x178 ./Drivers/STM32L4xx_HAL_Driver/Src/stm32l4xx_hal_adc.o
                0x08002410                HAL_ADC_Start_DMA
 .text.HAL_ADC_GetValue
                0x08002588       0x1a ./Drivers/STM32L4xx_HAL_Driver/Src/stm32l4xx_hal_adc.o
                0x08002588                HAL_ADC_GetValue
 .text.HAL_ADC_ErrorCallback
                0x080025a2       0x14 ./Drivers/STM32L4xx_HAL_Driver/Src/stm32l4xx_hal_adc.o
                0x080025a2                HAL_ADC_ErrorCallback
 *fill*         0x080025b6        0x2 
 .text.HAL_ADC_ConfigChannel
                0x080025b8      0x7e4 ./Drivers/STM32L4xx_HAL_Driver/Src/stm32l4xx_hal_adc.o
                0x080025b8                HAL_ADC_ConfigChannel
 .text.ADC_Enable
                0x08002d9c      0x10c ./Drivers/STM32L4xx_HAL_Driver/Src/stm32l4xx_hal_adc.o
                0x08002d9c                ADC_Enable
 .text.ADC_DMAConvCplt
                0x08002ea8       0xd8 ./Drivers/STM32L4xx_HAL_Driver/Src/stm32l4xx_hal_adc.o
                0x08002ea8                ADC_DMAConvCplt
 .text.ADC_DMAHalfConvCplt
                0x08002f80       0x1c ./Drivers/STM32L4xx_HAL_Driver/Src/stm32l4xx_hal_adc.o
                0x08002f80                ADC_DMAHalfConvCplt
 .text.ADC_DMAError
                0x08002f9c       0x34 ./Drivers/STM32L4xx_HAL_Driver/Src/stm32l4xx_hal_adc.o
                0x08002f9c                ADC_DMAError
 .text.LL_ADC_IsEnabled
                0x08002fd0       0x26 ./Drivers/STM32L4xx_HAL_Driver/Src/stm32l4xx_hal_adc_ex.o
 .text.LL_ADC_REG_IsConversionOngoing
                0x08002ff6       0x26 ./Drivers/STM32L4xx_HAL_Driver/Src/stm32l4xx_hal_adc_ex.o
 .text.HAL_ADCEx_MultiModeConfigChannel
                0x0800301c      0x160 ./Drivers/STM32L4xx_HAL_Driver/Src/stm32l4xx_hal_adc_ex.o
                0x0800301c                HAL_ADCEx_MultiModeConfigChannel
 .text.__NVIC_SetPriorityGrouping
                0x0800317c       0x48 ./Drivers/STM32L4xx_HAL_Driver/Src/stm32l4xx_hal_cortex.o
 .text.__NVIC_GetPriorityGrouping
                0x080031c4       0x1c ./Drivers/STM32L4xx_HAL_Driver/Src/stm32l4xx_hal_cortex.o
 .text.__NVIC_EnableIRQ
                0x080031e0       0x3c ./Drivers/STM32L4xx_HAL_Driver/Src/stm32l4xx_hal_cortex.o
 .text.__NVIC_SetPriority
                0x0800321c       0x54 ./Drivers/STM32L4xx_HAL_Driver/Src/stm32l4xx_hal_cortex.o
 .text.NVIC_EncodePriority
                0x08003270       0x66 ./Drivers/STM32L4xx_HAL_Driver/Src/stm32l4xx_hal_cortex.o
 .text.HAL_NVIC_SetPriorityGrouping
                0x080032d6       0x16 ./Drivers/STM32L4xx_HAL_Driver/Src/stm32l4xx_hal_cortex.o
                0x080032d6                HAL_NVIC_SetPriorityGrouping
 .text.HAL_NVIC_SetPriority
                0x080032ec       0x38 ./Drivers/STM32L4xx_HAL_Driver/Src/stm32l4xx_hal_cortex.o
                0x080032ec                HAL_NVIC_SetPriority
 .text.HAL_NVIC_EnableIRQ
                0x08003324       0x1c ./Drivers/STM32L4xx_HAL_Driver/Src/stm32l4xx_hal_cortex.o
                0x08003324                HAL_NVIC_EnableIRQ
 .text.HAL_DAC_Init
                0x08003340       0x44 ./Drivers/STM32L4xx_HAL_Driver/Src/stm32l4xx_hal_dac.o
                0x08003340                HAL_DAC_Init
 .text.HAL_DAC_Start
                0x08003384       0x9a ./Drivers/STM32L4xx_HAL_Driver/Src/stm32l4xx_hal_dac.o
                0x08003384                HAL_DAC_Start
 *fill*         0x0800341e        0x2 
 .text.HAL_DAC_Start_DMA
                0x08003420      0x198 ./Drivers/STM32L4xx_HAL_Driver/Src/stm32l4xx_hal_dac.o
                0x08003420                HAL_DAC_Start_DMA
 .text.HAL_DAC_IRQHandler
                0x080035b8       0xb4 ./Drivers/STM32L4xx_HAL_Driver/Src/stm32l4xx_hal_dac.o
                0x080035b8                HAL_DAC_IRQHandler
 .text.HAL_DAC_SetValue
                0x0800366c       0x4a ./Drivers/STM32L4xx_HAL_Driver/Src/stm32l4xx_hal_dac.o
                0x0800366c                HAL_DAC_SetValue
 .text.HAL_DAC_ConvCpltCallbackCh1
                0x080036b6       0x14 ./Drivers/STM32L4xx_HAL_Driver/Src/stm32l4xx_hal_dac.o
                0x080036b6                HAL_DAC_ConvCpltCallbackCh1
 .text.HAL_DAC_ConvHalfCpltCallbackCh1
                0x080036ca       0x14 ./Drivers/STM32L4xx_HAL_Driver/Src/stm32l4xx_hal_dac.o
                0x080036ca                HAL_DAC_ConvHalfCpltCallbackCh1
 .text.HAL_DAC_ErrorCallbackCh1
                0x080036de       0x14 ./Drivers/STM32L4xx_HAL_Driver/Src/stm32l4xx_hal_dac.o
                0x080036de                HAL_DAC_ErrorCallbackCh1
 .text.HAL_DAC_DMAUnderrunCallbackCh1
                0x080036f2       0x14 ./Drivers/STM32L4xx_HAL_Driver/Src/stm32l4xx_hal_dac.o
                0x080036f2                HAL_DAC_DMAUnderrunCallbackCh1
 .text.HAL_DAC_ConfigChannel
                0x08003706      0x24e ./Drivers/STM32L4xx_HAL_Driver/Src/stm32l4xx_hal_dac.o
                0x08003706                HAL_DAC_ConfigChannel
 .text.DAC_DMAConvCpltCh1
                0x08003954       0x22 ./Drivers/STM32L4xx_HAL_Driver/Src/stm32l4xx_hal_dac.o
                0x08003954                DAC_DMAConvCpltCh1
 .text.DAC_DMAHalfConvCpltCh1
                0x08003976       0x1c ./Drivers/STM32L4xx_HAL_Driver/Src/stm32l4xx_hal_dac.o
                0x08003976                DAC_DMAHalfConvCpltCh1
 .text.DAC_DMAErrorCh1
                0x08003992       0x2e ./Drivers/STM32L4xx_HAL_Driver/Src/stm32l4xx_hal_dac.o
                0x08003992                DAC_DMAErrorCh1
 .text.HAL_DACEx_ConvCpltCallbackCh2
                0x080039c0       0x14 ./Drivers/STM32L4xx_HAL_Driver/Src/stm32l4xx_hal_dac_ex.o
                0x080039c0                HAL_DACEx_ConvCpltCallbackCh2
 .text.HAL_DACEx_ConvHalfCpltCallbackCh2
                0x080039d4       0x14 ./Drivers/STM32L4xx_HAL_Driver/Src/stm32l4xx_hal_dac_ex.o
                0x080039d4                HAL_DACEx_ConvHalfCpltCallbackCh2
 .text.HAL_DACEx_ErrorCallbackCh2
                0x080039e8       0x14 ./Drivers/STM32L4xx_HAL_Driver/Src/stm32l4xx_hal_dac_ex.o
                0x080039e8                HAL_DACEx_ErrorCallbackCh2
 .text.HAL_DACEx_DMAUnderrunCallbackCh2
                0x080039fc       0x14 ./Drivers/STM32L4xx_HAL_Driver/Src/stm32l4xx_hal_dac_ex.o
                0x080039fc                HAL_DACEx_DMAUnderrunCallbackCh2
 .text.DAC_DMAConvCpltCh2
                0x08003a10       0x22 ./Drivers/STM32L4xx_HAL_Driver/Src/stm32l4xx_hal_dac_ex.o
                0x08003a10                DAC_DMAConvCpltCh2
 .text.DAC_DMAHalfConvCpltCh2
                0x08003a32       0x1c ./Drivers/STM32L4xx_HAL_Driver/Src/stm32l4xx_hal_dac_ex.o
                0x08003a32                DAC_DMAHalfConvCpltCh2
 .text.DAC_DMAErrorCh2
                0x08003a4e       0x2e ./Drivers/STM32L4xx_HAL_Driver/Src/stm32l4xx_hal_dac_ex.o
                0x08003a4e                DAC_DMAErrorCh2
 .text.HAL_DMA_Init
                0x08003a7c      0x170 ./Drivers/STM32L4xx_HAL_Driver/Src/stm32l4xx_hal_dma.o
                0x08003a7c                HAL_DMA_Init
 .text.HAL_DMA_Start_IT
                0x08003bec       0xc0 ./Drivers/STM32L4xx_HAL_Driver/Src/stm32l4xx_hal_dma.o
                0x08003bec                HAL_DMA_Start_IT
 .text.HAL_DMA_IRQHandler
                0x08003cac      0x15e ./Drivers/STM32L4xx_HAL_Driver/Src/stm32l4xx_hal_dma.o
                0x08003cac                HAL_DMA_IRQHandler
 .text.DMA_SetConfig
                0x08003e0a       0x60 ./Drivers/STM32L4xx_HAL_Driver/Src/stm32l4xx_hal_dma.o
 *fill*         0x08003e6a        0x2 
 .text.HAL_GPIO_Init
                0x08003e6c      0x354 ./Drivers/STM32L4xx_HAL_Driver/Src/stm32l4xx_hal_gpio.o
                0x08003e6c                HAL_GPIO_Init
 .text.HAL_GPIO_ReadPin
                0x080041c0       0x30 ./Drivers/STM32L4xx_HAL_Driver/Src/stm32l4xx_hal_gpio.o
                0x080041c0                HAL_GPIO_ReadPin
 .text.HAL_GPIO_WritePin
                0x080041f0       0x30 ./Drivers/STM32L4xx_HAL_Driver/Src/stm32l4xx_hal_gpio.o
                0x080041f0                HAL_GPIO_WritePin
 .text.HAL_GPIO_TogglePin
                0x08004220       0x34 ./Drivers/STM32L4xx_HAL_Driver/Src/stm32l4xx_hal_gpio.o
                0x08004220                HAL_GPIO_TogglePin
 .text.HAL_OPAMP_Init
                0x08004254      0x1ac ./Drivers/STM32L4xx_HAL_Driver/Src/stm32l4xx_hal_opamp.o
                0x08004254                HAL_OPAMP_Init
 .text.HAL_OPAMP_Start
                0x08004400       0x62 ./Drivers/STM32L4xx_HAL_Driver/Src/stm32l4xx_hal_opamp.o
                0x08004400                HAL_OPAMP_Start
 *fill*         0x08004462        0x2 
 .text.HAL_PWREx_GetVoltageRange
                0x08004464       0x1c ./Drivers/STM32L4xx_HAL_Driver/Src/stm32l4xx_hal_pwr_ex.o
                0x08004464                HAL_PWREx_GetVoltageRange
 .text.HAL_PWREx_ControlVoltageScaling
                0x08004480       0xac ./Drivers/STM32L4xx_HAL_Driver/Src/stm32l4xx_hal_pwr_ex.o
                0x08004480                HAL_PWREx_ControlVoltageScaling
 .text.HAL_RCC_OscConfig
                0x0800452c      0x7b8 ./Drivers/STM32L4xx_HAL_Driver/Src/stm32l4xx_hal_rcc.o
                0x0800452c                HAL_RCC_OscConfig
 .text.HAL_RCC_ClockConfig
                0x08004ce4      0x200 ./Drivers/STM32L4xx_HAL_Driver/Src/stm32l4xx_hal_rcc.o
                0x08004ce4                HAL_RCC_ClockConfig
 .text.HAL_RCC_GetSysClockFreq
                0x08004ee4      0x118 ./Drivers/STM32L4xx_HAL_Driver/Src/stm32l4xx_hal_rcc.o
                0x08004ee4                HAL_RCC_GetSysClockFreq
 .text.HAL_RCC_GetHCLKFreq
                0x08004ffc       0x18 ./Drivers/STM32L4xx_HAL_Driver/Src/stm32l4xx_hal_rcc.o
                0x08004ffc                HAL_RCC_GetHCLKFreq
 .text.HAL_RCC_GetPCLK1Freq
                0x08005014       0x2c ./Drivers/STM32L4xx_HAL_Driver/Src/stm32l4xx_hal_rcc.o
                0x08005014                HAL_RCC_GetPCLK1Freq
 .text.HAL_RCC_GetPCLK2Freq
                0x08005040       0x2c ./Drivers/STM32L4xx_HAL_Driver/Src/stm32l4xx_hal_rcc.o
                0x08005040                HAL_RCC_GetPCLK2Freq
 .text.HAL_RCC_GetClockConfig
                0x0800506c       0x64 ./Drivers/STM32L4xx_HAL_Driver/Src/stm32l4xx_hal_rcc.o
                0x0800506c                HAL_RCC_GetClockConfig
 .text.RCC_SetFlashLatencyFromMSIRange
                0x080050d0       0xc0 ./Drivers/STM32L4xx_HAL_Driver/Src/stm32l4xx_hal_rcc.o
 .text.HAL_RCCEx_PeriphCLKConfig
                0x08005190      0x5d4 ./Drivers/STM32L4xx_HAL_Driver/Src/stm32l4xx_hal_rcc_ex.o
                0x08005190                HAL_RCCEx_PeriphCLKConfig
 .text.RCCEx_PLLSAI1_Config
                0x08005764      0x1e8 ./Drivers/STM32L4xx_HAL_Driver/Src/stm32l4xx_hal_rcc_ex.o
 .text.RCCEx_PLLSAI2_Config
                0x0800594c      0x1bc ./Drivers/STM32L4xx_HAL_Driver/Src/stm32l4xx_hal_rcc_ex.o
 .text.HAL_TIM_Base_Init
                0x08005b08       0xae ./Drivers/STM32L4xx_HAL_Driver/Src/stm32l4xx_hal_tim.o
                0x08005b08                HAL_TIM_Base_Init
 *fill*         0x08005bb6        0x2 
 .text.HAL_TIM_Base_Start
                0x08005bb8       0xd0 ./Drivers/STM32L4xx_HAL_Driver/Src/stm32l4xx_hal_tim.o
                0x08005bb8                HAL_TIM_Base_Start
 .text.HAL_TIM_Base_Start_IT
                0x08005c88       0xe0 ./Drivers/STM32L4xx_HAL_Driver/Src/stm32l4xx_hal_tim.o
                0x08005c88                HAL_TIM_Base_Start_IT
 .text.HAL_TIM_IRQHandler
                0x08005d68      0x20e ./Drivers/STM32L4xx_HAL_Driver/Src/stm32l4xx_hal_tim.o
                0x08005d68                HAL_TIM_IRQHandler
 .text.HAL_TIM_ConfigClockSource
                0x08005f76      0x192 ./Drivers/STM32L4xx_HAL_Driver/Src/stm32l4xx_hal_tim.o
                0x08005f76                HAL_TIM_ConfigClockSource
 .text.HAL_TIM_OC_DelayElapsedCallback
                0x08006108       0x14 ./Drivers/STM32L4xx_HAL_Driver/Src/stm32l4xx_hal_tim.o
                0x08006108                HAL_TIM_OC_DelayElapsedCallback
 .text.HAL_TIM_IC_CaptureCallback
                0x0800611c       0x14 ./Drivers/STM32L4xx_HAL_Driver/Src/stm32l4xx_hal_tim.o
                0x0800611c                HAL_TIM_IC_CaptureCallback
 .text.HAL_TIM_PWM_PulseFinishedCallback
                0x08006130       0x14 ./Drivers/STM32L4xx_HAL_Driver/Src/stm32l4xx_hal_tim.o
                0x08006130                HAL_TIM_PWM_PulseFinishedCallback
 .text.HAL_TIM_TriggerCallback
                0x08006144       0x14 ./Drivers/STM32L4xx_HAL_Driver/Src/stm32l4xx_hal_tim.o
                0x08006144                HAL_TIM_TriggerCallback
 .text.TIM_Base_SetConfig
                0x08006158      0x14c ./Drivers/STM32L4xx_HAL_Driver/Src/stm32l4xx_hal_tim.o
                0x08006158                TIM_Base_SetConfig
 .text.TIM_TI1_ConfigInputStage
                0x080062a4       0x5e ./Drivers/STM32L4xx_HAL_Driver/Src/stm32l4xx_hal_tim.o
 .text.TIM_TI2_ConfigInputStage
                0x08006302       0x60 ./Drivers/STM32L4xx_HAL_Driver/Src/stm32l4xx_hal_tim.o
 .text.TIM_ITRx_SetConfig
                0x08006362       0x36 ./Drivers/STM32L4xx_HAL_Driver/Src/stm32l4xx_hal_tim.o
 .text.TIM_ETR_SetConfig
                0x08006398       0x40 ./Drivers/STM32L4xx_HAL_Driver/Src/stm32l4xx_hal_tim.o
                0x08006398                TIM_ETR_SetConfig
 .text.HAL_TIMEx_MasterConfigSynchronization
                0x080063d8      0x110 ./Drivers/STM32L4xx_HAL_Driver/Src/stm32l4xx_hal_tim_ex.o
                0x080063d8                HAL_TIMEx_MasterConfigSynchronization
 .text.HAL_TIMEx_CommutCallback
                0x080064e8       0x14 ./Drivers/STM32L4xx_HAL_Driver/Src/stm32l4xx_hal_tim_ex.o
                0x080064e8                HAL_TIMEx_CommutCallback
 .text.HAL_TIMEx_BreakCallback
                0x080064fc       0x14 ./Drivers/STM32L4xx_HAL_Driver/Src/stm32l4xx_hal_tim_ex.o
                0x080064fc                HAL_TIMEx_BreakCallback
 .text.HAL_TIMEx_Break2Callback
                0x08006510       0x14 ./Drivers/STM32L4xx_HAL_Driver/Src/stm32l4xx_hal_tim_ex.o
                0x08006510                HAL_TIMEx_Break2Callback
 .text.HAL_UART_Init
                0x08006524       0x9c ./Drivers/STM32L4xx_HAL_Driver/Src/stm32l4xx_hal_uart.o
                0x08006524                HAL_UART_Init
 .text.HAL_UART_Transmit
                0x080065c0      0x112 ./Drivers/STM32L4xx_HAL_Driver/Src/stm32l4xx_hal_uart.o
                0x080065c0                HAL_UART_Transmit
 *fill*         0x080066d2        0x2 
 .text.UART_SetConfig
                0x080066d4      0x570 ./Drivers/STM32L4xx_HAL_Driver/Src/stm32l4xx_hal_uart.o
                0x080066d4                UART_SetConfig
 .text.UART_AdvFeatureConfig
                0x08006c44      0x144 ./Drivers/STM32L4xx_HAL_Driver/Src/stm32l4xx_hal_uart.o
                0x08006c44                UART_AdvFeatureConfig
 .text.UART_CheckIdleState
                0x08006d88      0x150 ./Drivers/STM32L4xx_HAL_Driver/Src/stm32l4xx_hal_uart.o
                0x08006d88                UART_CheckIdleState
 .text.UART_WaitOnFlagUntilTimeout
                0x08006ed8       0xda ./Drivers/STM32L4xx_HAL_Driver/Src/stm32l4xx_hal_uart.o
                0x08006ed8                UART_WaitOnFlagUntilTimeout
 .text.UART_EndRxTransfer
                0x08006fb2       0xc8 ./Drivers/STM32L4xx_HAL_Driver/Src/stm32l4xx_hal_uart.o
 *fill*         0x0800707a        0x2 
 .text.sprintf  0x0800707c       0x40 C:/ST/STM32CubeIDE_1.16.1/STM32CubeIDE/plugins/com.st.stm32cube.ide.mcu.externaltools.gnu-tools-for-stm32.12.3.rel1.win32_1.0.200.202406191623/tools/bin/../lib/gcc/arm-none-eabi/12.3.1/../../../../arm-none-eabi/lib/thumb/v7e-m+fp/hard\libc_nano.a(libc_a-sprintf.o)
                0x0800707c                siprintf
                0x0800707c                sprintf
 .text.memset   0x080070bc       0x10 C:/ST/STM32CubeIDE_1.16.1/STM32CubeIDE/plugins/com.st.stm32cube.ide.mcu.externaltools.gnu-tools-for-stm32.12.3.rel1.win32_1.0.200.202406191623/tools/bin/../lib/gcc/arm-none-eabi/12.3.1/../../../../arm-none-eabi/lib/thumb/v7e-m+fp/hard\libc_nano.a(libc_a-memset.o)
                0x080070bc                memset
 .text.__errno  0x080070cc        0xc C:/ST/STM32CubeIDE_1.16.1/STM32CubeIDE/plugins/com.st.stm32cube.ide.mcu.externaltools.gnu-tools-for-stm32.12.3.rel1.win32_1.0.200.202406191623/tools/bin/../lib/gcc/arm-none-eabi/12.3.1/../../../../arm-none-eabi/lib/thumb/v7e-m+fp/hard\libc_nano.a(libc_a-errno.o)
                0x080070cc                __errno
 .text.__libc_init_array
                0x080070d8       0x48 C:/ST/STM32CubeIDE_1.16.1/STM32CubeIDE/plugins/com.st.stm32cube.ide.mcu.externaltools.gnu-tools-for-stm32.12.3.rel1.win32_1.0.200.202406191623/tools/bin/../lib/gcc/arm-none-eabi/12.3.1/../../../../arm-none-eabi/lib/thumb/v7e-m+fp/hard\libc_nano.a(libc_a-init.o)
                0x080070d8                __libc_init_array
 .text.__retarget_lock_acquire_recursive
                0x08007120        0x2 C:/ST/STM32CubeIDE_1.16.1/STM32CubeIDE/plugins/com.st.stm32cube.ide.mcu.externaltools.gnu-tools-for-stm32.12.3.rel1.win32_1.0.200.202406191623/tools/bin/../lib/gcc/arm-none-eabi/12.3.1/../../../../arm-none-eabi/lib/thumb/v7e-m+fp/hard\libc_nano.a(libc_a-lock.o)
                0x08007120                __retarget_lock_acquire_recursive
 .text.__retarget_lock_release_recursive
                0x08007122        0x2 C:/ST/STM32CubeIDE_1.16.1/STM32CubeIDE/plugins/com.st.stm32cube.ide.mcu.externaltools.gnu-tools-for-stm32.12.3.rel1.win32_1.0.200.202406191623/tools/bin/../lib/gcc/arm-none-eabi/12.3.1/../../../../arm-none-eabi/lib/thumb/v7e-m+fp/hard\libc_nano.a(libc_a-lock.o)
                0x08007122                __retarget_lock_release_recursive
 .text._free_r  0x08007124       0x94 C:/ST/STM32CubeIDE_1.16.1/STM32CubeIDE/plugins/com.st.stm32cube.ide.mcu.externaltools.gnu-tools-for-stm32.12.3.rel1.win32_1.0.200.202406191623/tools/bin/../lib/gcc/arm-none-eabi/12.3.1/../../../../arm-none-eabi/lib/thumb/v7e-m+fp/hard\libc_nano.a(libc_a-freer.o)
                0x08007124                _free_r
 .text.sbrk_aligned
                0x080071b8       0x44 C:/ST/STM32CubeIDE_1.16.1/STM32CubeIDE/plugins/com.st.stm32cube.ide.mcu.externaltools.gnu-tools-for-stm32.12.3.rel1.win32_1.0.200.202406191623/tools/bin/../lib/gcc/arm-none-eabi/12.3.1/../../../../arm-none-eabi/lib/thumb/v7e-m+fp/hard\libc_nano.a(libc_a-mallocr.o)
 .text._malloc_r
                0x080071fc      0x100 C:/ST/STM32CubeIDE_1.16.1/STM32CubeIDE/plugins/com.st.stm32cube.ide.mcu.externaltools.gnu-tools-for-stm32.12.3.rel1.win32_1.0.200.202406191623/tools/bin/../lib/gcc/arm-none-eabi/12.3.1/../../../../arm-none-eabi/lib/thumb/v7e-m+fp/hard\libc_nano.a(libc_a-mallocr.o)
                0x080071fc                _malloc_r
 .text.__malloc_lock
                0x080072fc        0xc C:/ST/STM32CubeIDE_1.16.1/STM32CubeIDE/plugins/com.st.stm32cube.ide.mcu.externaltools.gnu-tools-for-stm32.12.3.rel1.win32_1.0.200.202406191623/tools/bin/../lib/gcc/arm-none-eabi/12.3.1/../../../../arm-none-eabi/lib/thumb/v7e-m+fp/hard\libc_nano.a(libc_a-mlock.o)
                0x080072fc                __malloc_lock
 .text.__malloc_unlock
                0x08007308        0xc C:/ST/STM32CubeIDE_1.16.1/STM32CubeIDE/plugins/com.st.stm32cube.ide.mcu.externaltools.gnu-tools-for-stm32.12.3.rel1.win32_1.0.200.202406191623/tools/bin/../lib/gcc/arm-none-eabi/12.3.1/../../../../arm-none-eabi/lib/thumb/v7e-m+fp/hard\libc_nano.a(libc_a-mlock.o)
                0x08007308                __malloc_unlock
 .text.__ssputs_r
                0x08007314       0xb6 C:/ST/STM32CubeIDE_1.16.1/STM32CubeIDE/plugins/com.st.stm32cube.ide.mcu.externaltools.gnu-tools-for-stm32.12.3.rel1.win32_1.0.200.202406191623/tools/bin/../lib/gcc/arm-none-eabi/12.3.1/../../../../arm-none-eabi/lib/thumb/v7e-m+fp/hard\libc_nano.a(libc_a-nano-svfprintf.o)
                0x08007314                __ssputs_r
 *fill*         0x080073ca        0x2 
 .text._svfprintf_r
                0x080073cc      0x1f8 C:/ST/STM32CubeIDE_1.16.1/STM32CubeIDE/plugins/com.st.stm32cube.ide.mcu.externaltools.gnu-tools-for-stm32.12.3.rel1.win32_1.0.200.202406191623/tools/bin/../lib/gcc/arm-none-eabi/12.3.1/../../../../arm-none-eabi/lib/thumb/v7e-m+fp/hard\libc_nano.a(libc_a-nano-svfprintf.o)
                0x080073cc                _svfiprintf_r
                0x080073cc                _svfprintf_r
 .text._printf_common
                0x080075c4       0xda C:/ST/STM32CubeIDE_1.16.1/STM32CubeIDE/plugins/com.st.stm32cube.ide.mcu.externaltools.gnu-tools-for-stm32.12.3.rel1.win32_1.0.200.202406191623/tools/bin/../lib/gcc/arm-none-eabi/12.3.1/../../../../arm-none-eabi/lib/thumb/v7e-m+fp/hard\libc_nano.a(libc_a-nano-vfprintf_i.o)
                0x080075c4                _printf_common
 *fill*         0x0800769e        0x2 
 .text._printf_i
                0x080076a0      0x240 C:/ST/STM32CubeIDE_1.16.1/STM32CubeIDE/plugins/com.st.stm32cube.ide.mcu.externaltools.gnu-tools-for-stm32.12.3.rel1.win32_1.0.200.202406191623/tools/bin/../lib/gcc/arm-none-eabi/12.3.1/../../../../arm-none-eabi/lib/thumb/v7e-m+fp/hard\libc_nano.a(libc_a-nano-vfprintf_i.o)
                0x080076a0                _printf_i
 .text.memmove  0x080078e0       0x34 C:/ST/STM32CubeIDE_1.16.1/STM32CubeIDE/plugins/com.st.stm32cube.ide.mcu.externaltools.gnu-tools-for-stm32.12.3.rel1.win32_1.0.200.202406191623/tools/bin/../lib/gcc/arm-none-eabi/12.3.1/../../../../arm-none-eabi/lib/thumb/v7e-m+fp/hard\libc_nano.a(libc_a-memmove.o)
                0x080078e0                memmove
 .text._sbrk_r  0x08007914       0x20 C:/ST/STM32CubeIDE_1.16.1/STM32CubeIDE/plugins/com.st.stm32cube.ide.mcu.externaltools.gnu-tools-for-stm32.12.3.rel1.win32_1.0.200.202406191623/tools/bin/../lib/gcc/arm-none-eabi/12.3.1/../../../../arm-none-eabi/lib/thumb/v7e-m+fp/hard\libc_nano.a(libc_a-sbrkr.o)
                0x08007914                _sbrk_r
 .text.memcpy   0x08007934       0x1c C:/ST/STM32CubeIDE_1.16.1/STM32CubeIDE/plugins/com.st.stm32cube.ide.mcu.externaltools.gnu-tools-for-stm32.12.3.rel1.win32_1.0.200.202406191623/tools/bin/../lib/gcc/arm-none-eabi/12.3.1/../../../../arm-none-eabi/lib/thumb/v7e-m+fp/hard\libc_nano.a(libc_a-memcpy-stub.o)
                0x08007934                memcpy
 .text._realloc_r
                0x08007950       0x5c C:/ST/STM32CubeIDE_1.16.1/STM32CubeIDE/plugins/com.st.stm32cube.ide.mcu.externaltools.gnu-tools-for-stm32.12.3.rel1.win32_1.0.200.202406191623/tools/bin/../lib/gcc/arm-none-eabi/12.3.1/../../../../arm-none-eabi/lib/thumb/v7e-m+fp/hard\libc_nano.a(libc_a-reallocr.o)
                0x08007950                _realloc_r
 .text._malloc_usable_size_r
                0x080079ac       0x10 C:/ST/STM32CubeIDE_1.16.1/STM32CubeIDE/plugins/com.st.stm32cube.ide.mcu.externaltools.gnu-tools-for-stm32.12.3.rel1.win32_1.0.200.202406191623/tools/bin/../lib/gcc/arm-none-eabi/12.3.1/../../../../arm-none-eabi/lib/thumb/v7e-m+fp/hard\libc_nano.a(libc_a-msizer.o)
                0x080079ac                _malloc_usable_size_r
 *(.glue_7)
 .glue_7        0x080079bc        0x0 linker stubs
 *(.glue_7t)
 .glue_7t       0x080079bc        0x0 linker stubs
 *(.eh_frame)
 .eh_frame      0x080079bc        0x0 C:/ST/STM32CubeIDE_1.16.1/STM32CubeIDE/plugins/com.st.stm32cube.ide.mcu.externaltools.gnu-tools-for-stm32.12.3.rel1.win32_1.0.200.202406191623/tools/bin/../lib/gcc/arm-none-eabi/12.3.1/thumb/v7e-m+fp/hard/crtbegin.o
 *(.init)
 .init          0x080079bc        0x4 C:/ST/STM32CubeIDE_1.16.1/STM32CubeIDE/plugins/com.st.stm32cube.ide.mcu.externaltools.gnu-tools-for-stm32.12.3.rel1.win32_1.0.200.202406191623/tools/bin/../lib/gcc/arm-none-eabi/12.3.1/thumb/v7e-m+fp/hard/crti.o
                0x080079bc                _init
 .init          0x080079c0        0x8 C:/ST/STM32CubeIDE_1.16.1/STM32CubeIDE/plugins/com.st.stm32cube.ide.mcu.externaltools.gnu-tools-for-stm32.12.3.rel1.win32_1.0.200.202406191623/tools/bin/../lib/gcc/arm-none-eabi/12.3.1/thumb/v7e-m+fp/hard/crtn.o
 *(.fini)
 .fini          0x080079c8        0x4 C:/ST/STM32CubeIDE_1.16.1/STM32CubeIDE/plugins/com.st.stm32cube.ide.mcu.externaltools.gnu-tools-for-stm32.12.3.rel1.win32_1.0.200.202406191623/tools/bin/../lib/gcc/arm-none-eabi/12.3.1/thumb/v7e-m+fp/hard/crti.o
                0x080079c8                _fini
 .fini          0x080079cc        0x8 C:/ST/STM32CubeIDE_1.16.1/STM32CubeIDE/plugins/com.st.stm32cube.ide.mcu.externaltools.gnu-tools-for-stm32.12.3.rel1.win32_1.0.200.202406191623/tools/bin/../lib/gcc/arm-none-eabi/12.3.1/thumb/v7e-m+fp/hard/crtn.o
                0x080079d4                        . = ALIGN (0x4)
                0x080079d4                        _etext = .

.vfp11_veneer   0x080079d4        0x0
 .vfp11_veneer  0x080079d4        0x0 linker stubs

.v4_bx          0x080079d4        0x0
 .v4_bx         0x080079d4        0x0 linker stubs

.iplt           0x080079d4        0x0
 .iplt          0x080079d4        0x0 C:/ST/STM32CubeIDE_1.16.1/STM32CubeIDE/plugins/com.st.stm32cube.ide.mcu.externaltools.gnu-tools-for-stm32.12.3.rel1.win32_1.0.200.202406191623/tools/bin/../lib/gcc/arm-none-eabi/12.3.1/thumb/v7e-m+fp/hard/crtbegin.o

.rodata         0x080079d4      0x10c
                0x080079d4                        . = ALIGN (0x4)
 *(.rodata)
 .rodata        0x080079d4       0x8e ./Core/Src/main.o
 *(.rodata*)
 *fill*         0x08007a62        0x2 
 .rodata.AHBPrescTable
                0x08007a64       0x10 ./Core/Src/system_stm32l4xx.o
                0x08007a64                AHBPrescTable
 .rodata.APBPrescTable
                0x08007a74        0x8 ./Core/Src/system_stm32l4xx.o
                0x08007a74                APBPrescTable
 .rodata.MSIRangeTable
                0x08007a7c       0x30 ./Core/Src/system_stm32l4xx.o
                0x08007a7c                MSIRangeTable
 .rodata._svfprintf_r.str1.1
                0x08007aac       0x11 C:/ST/STM32CubeIDE_1.16.1/STM32CubeIDE/plugins/com.st.stm32cube.ide.mcu.externaltools.gnu-tools-for-stm32.12.3.rel1.win32_1.0.200.202406191623/tools/bin/../lib/gcc/arm-none-eabi/12.3.1/../../../../arm-none-eabi/lib/thumb/v7e-m+fp/hard\libc_nano.a(libc_a-nano-svfprintf.o)
 .rodata._printf_i.str1.1
                0x08007abd       0x22 C:/ST/STM32CubeIDE_1.16.1/STM32CubeIDE/plugins/com.st.stm32cube.ide.mcu.externaltools.gnu-tools-for-stm32.12.3.rel1.win32_1.0.200.202406191623/tools/bin/../lib/gcc/arm-none-eabi/12.3.1/../../../../arm-none-eabi/lib/thumb/v7e-m+fp/hard\libc_nano.a(libc_a-nano-vfprintf_i.o)
                0x08007ae0                        . = ALIGN (0x4)
 *fill*         0x08007adf        0x1 

.ARM.extab      0x08007ae0        0x0
                0x08007ae0                        . = ALIGN (0x4)
 *(.ARM.extab* .gnu.linkonce.armextab.*)
                0x08007ae0                        . = ALIGN (0x4)

.ARM            0x08007ae0        0x8
                0x08007ae0                        . = ALIGN (0x4)
                0x08007ae0                        __exidx_start = .
 *(.ARM.exidx*)
 .ARM.exidx     0x08007ae0        0x8 C:/ST/STM32CubeIDE_1.16.1/STM32CubeIDE/plugins/com.st.stm32cube.ide.mcu.externaltools.gnu-tools-for-stm32.12.3.rel1.win32_1.0.200.202406191623/tools/bin/../lib/gcc/arm-none-eabi/12.3.1/../../../../arm-none-eabi/lib/thumb/v7e-m+fp/hard\libc_nano.a(libc_a-strlen.o)
 .ARM.exidx     0x08007ae8        0x0 C:/ST/STM32CubeIDE_1.16.1/STM32CubeIDE/plugins/com.st.stm32cube.ide.mcu.externaltools.gnu-tools-for-stm32.12.3.rel1.win32_1.0.200.202406191623/tools/bin/../lib/gcc/arm-none-eabi/12.3.1/../../../../arm-none-eabi/lib/thumb/v7e-m+fp/hard\libc_nano.a(libc_a-memchr.o)
                                  0x8 (size before relaxing)
 .ARM.exidx     0x08007ae8        0x0 C:/ST/STM32CubeIDE_1.16.1/STM32CubeIDE/plugins/com.st.stm32cube.ide.mcu.externaltools.gnu-tools-for-stm32.12.3.rel1.win32_1.0.200.202406191623/tools/bin/../lib/gcc/arm-none-eabi/12.3.1/thumb/v7e-m+fp/hard\libgcc.a(_udivmoddi4.o)
                                  0x8 (size before relaxing)
                0x08007ae8                        __exidx_end = .
                0x08007ae8                        . = ALIGN (0x4)

.preinit_array  0x08007ae8        0x0
                0x08007ae8                        . = ALIGN (0x4)
                0x08007ae8                        PROVIDE (__preinit_array_start = .)
 *(.preinit_array*)
                0x08007ae8                        PROVIDE (__preinit_array_end = .)
                0x08007ae8                        . = ALIGN (0x4)

.init_array     0x08007ae8        0x4
                0x08007ae8                        . = ALIGN (0x4)
                0x08007ae8                        PROVIDE (__init_array_start = .)
 *(SORT_BY_NAME(.init_array.*))
 *(.init_array*)
 .init_array    0x08007ae8        0x4 C:/ST/STM32CubeIDE_1.16.1/STM32CubeIDE/plugins/com.st.stm32cube.ide.mcu.externaltools.gnu-tools-for-stm32.12.3.rel1.win32_1.0.200.202406191623/tools/bin/../lib/gcc/arm-none-eabi/12.3.1/thumb/v7e-m+fp/hard/crtbegin.o
                0x08007aec                        PROVIDE (__init_array_end = .)
                0x08007aec                        . = ALIGN (0x4)

.fini_array     0x08007aec        0x4
                0x08007aec                        . = ALIGN (0x4)
                [!provide]                        PROVIDE (__fini_array_start = .)
 *(SORT_BY_NAME(.fini_array.*))
 *(.fini_array*)
 .fini_array    0x08007aec        0x4 C:/ST/STM32CubeIDE_1.16.1/STM32CubeIDE/plugins/com.st.stm32cube.ide.mcu.externaltools.gnu-tools-for-stm32.12.3.rel1.win32_1.0.200.202406191623/tools/bin/../lib/gcc/arm-none-eabi/12.3.1/thumb/v7e-m+fp/hard/crtbegin.o
                [!provide]                        PROVIDE (__fini_array_end = .)
                0x08007af0                        . = ALIGN (0x4)
                0x08007af0                        _sidata = LOADADDR (.data)

.rel.dyn        0x08007af0        0x0
 .rel.iplt      0x08007af0        0x0 C:/ST/STM32CubeIDE_1.16.1/STM32CubeIDE/plugins/com.st.stm32cube.ide.mcu.externaltools.gnu-tools-for-stm32.12.3.rel1.win32_1.0.200.202406191623/tools/bin/../lib/gcc/arm-none-eabi/12.3.1/thumb/v7e-m+fp/hard/crtbegin.o

.data           0x20000000       0x74 load address 0x08007af0
                0x20000000                        . = ALIGN (0x4)
                0x20000000                        _sdata = .
 *(.data)
 *(.data*)
 .data.delayCircularBuffer
                0x20000000        0x8 ./Core/Src/effects.o
                0x20000000                delayCircularBuffer
 .data.octaveCircularBuffer
                0x20000008        0x8 ./Core/Src/effects.o
                0x20000008                octaveCircularBuffer
 .data.cleanSignalActive
                0x20000010        0x1 ./Core/Src/main.o
                0x20000010                cleanSignalActive
 *fill*         0x20000011        0x1 
 .data.gain     0x20000012        0x2 ./Core/Src/main.o
                0x20000012                gain
 .data.delayAmount
                0x20000014        0x2 ./Core/Src/main.o
                0x20000014                delayAmount
 *fill*         0x20000016        0x2 
 .data.SystemCoreClock
                0x20000018        0x4 ./Core/Src/system_stm32l4xx.o
                0x20000018                SystemCoreClock
 .data.uwTickPrio
                0x2000001c        0x4 ./Drivers/STM32L4xx_HAL_Driver/Src/stm32l4xx_hal.o
                0x2000001c                uwTickPrio
 .data.uwTickFreq
                0x20000020        0x1 ./Drivers/STM32L4xx_HAL_Driver/Src/stm32l4xx_hal.o
                0x20000020                uwTickFreq
 *fill*         0x20000021        0x3 
 .data._impure_ptr
                0x20000024        0x4 C:/ST/STM32CubeIDE_1.16.1/STM32CubeIDE/plugins/com.st.stm32cube.ide.mcu.externaltools.gnu-tools-for-stm32.12.3.rel1.win32_1.0.200.202406191623/tools/bin/../lib/gcc/arm-none-eabi/12.3.1/../../../../arm-none-eabi/lib/thumb/v7e-m+fp/hard\libc_nano.a(libc_a-impure.o)
                0x20000024                _impure_ptr
 .data._impure_data
                0x20000028       0x4c C:/ST/STM32CubeIDE_1.16.1/STM32CubeIDE/plugins/com.st.stm32cube.ide.mcu.externaltools.gnu-tools-for-stm32.12.3.rel1.win32_1.0.200.202406191623/tools/bin/../lib/gcc/arm-none-eabi/12.3.1/../../../../arm-none-eabi/lib/thumb/v7e-m+fp/hard\libc_nano.a(libc_a-impure.o)
                0x20000028                _impure_data
 *(.RamFunc)
 *(.RamFunc*)
                0x20000074                        . = ALIGN (0x4)
                0x20000074                        _edata = .

.igot.plt       0x20000074        0x0 load address 0x08007b64
 .igot.plt      0x20000074        0x0 C:/ST/STM32CubeIDE_1.16.1/STM32CubeIDE/plugins/com.st.stm32cube.ide.mcu.externaltools.gnu-tools-for-stm32.12.3.rel1.win32_1.0.200.202406191623/tools/bin/../lib/gcc/arm-none-eabi/12.3.1/thumb/v7e-m+fp/hard/crtbegin.o
                0x20000074                        . = ALIGN (0x4)

.bss            0x20000074    0x119fc load address 0x08007b64
                0x20000074                        _sbss = .
                0x20000074                        __bss_start__ = _sbss
 *(.bss)
 .bss           0x20000074       0x1c C:/ST/STM32CubeIDE_1.16.1/STM32CubeIDE/plugins/com.st.stm32cube.ide.mcu.externaltools.gnu-tools-for-stm32.12.3.rel1.win32_1.0.200.202406191623/tools/bin/../lib/gcc/arm-none-eabi/12.3.1/thumb/v7e-m+fp/hard/crtbegin.o
 *(.bss*)
 .bss.delayBuffer
                0x20000090    0x10000 ./Core/Src/effects.o
                0x20000090                delayBuffer
 .bss.octaveBuffer
                0x20010090     0x1000 ./Core/Src/effects.o
                0x20010090                octaveBuffer
 .bss.t_octave_up
                0x20011090        0x2 ./Core/Src/effects.o
                0x20011090                t_octave_up
 .bss.t_octave_down
                0x20011092        0x2 ./Core/Src/effects.o
                0x20011092                t_octave_down
 .bss.hadc1     0x20011094       0x64 ./Core/Src/main.o
                0x20011094                hadc1
 .bss.hadc2     0x200110f8       0x64 ./Core/Src/main.o
                0x200110f8                hadc2
 .bss.hadc3     0x2001115c       0x64 ./Core/Src/main.o
                0x2001115c                hadc3
 .bss.hdma_adc1
                0x200111c0       0x48 ./Core/Src/main.o
                0x200111c0                hdma_adc1
 .bss.hdac1     0x20011208       0x14 ./Core/Src/main.o
                0x20011208                hdac1
 .bss.hdma_dac_ch1
                0x2001121c       0x48 ./Core/Src/main.o
                0x2001121c                hdma_dac_ch1
 .bss.hopamp2   0x20011264       0x34 ./Core/Src/main.o
                0x20011264                hopamp2
 .bss.htim2     0x20011298       0x4c ./Core/Src/main.o
                0x20011298                htim2
 .bss.huart2    0x200112e4       0x88 ./Core/Src/main.o
                0x200112e4                huart2
 .bss.inputBuffer
                0x2001136c       0xb0 ./Core/Src/main.o
                0x2001136c                inputBuffer
 .bss.outputBuffer
                0x2001141c       0xb0 ./Core/Src/main.o
                0x2001141c                outputBuffer
 .bss.stringBuffer
                0x200114cc      0x400 ./Core/Src/main.o
                0x200114cc                stringBuffer
 .bss.octaveUpActive
                0x200118cc        0x1 ./Core/Src/main.o
                0x200118cc                octaveUpActive
 .bss.octaveDownActive
                0x200118cd        0x1 ./Core/Src/main.o
                0x200118cd                octaveDownActive
 .bss.delayActive
                0x200118ce        0x1 ./Core/Src/main.o
                0x200118ce                delayActive
 .bss.distortionActive
                0x200118cf        0x1 ./Core/Src/main.o
                0x200118cf                distortionActive
 .bss.HAL_RCC_ADC_CLK_ENABLED
                0x200118d0        0x4 ./Core/Src/stm32l4xx_hal_msp.o
 .bss.htim6     0x200118d4       0x4c ./Core/Src/stm32l4xx_hal_timebase_tim.o
                0x200118d4                htim6
 .bss.__sbrk_heap_end
                0x20011920        0x4 ./Core/Src/sysmem.o
 .bss.uwTick    0x20011924        0x4 ./Drivers/STM32L4xx_HAL_Driver/Src/stm32l4xx_hal.o
                0x20011924                uwTick
 .bss.__sf      0x20011928      0x138 C:/ST/STM32CubeIDE_1.16.1/STM32CubeIDE/plugins/com.st.stm32cube.ide.mcu.externaltools.gnu-tools-for-stm32.12.3.rel1.win32_1.0.200.202406191623/tools/bin/../lib/gcc/arm-none-eabi/12.3.1/../../../../arm-none-eabi/lib/thumb/v7e-m+fp/hard\libc_nano.a(libc_a-findfp.o)
                0x20011928                __sf
 .bss.errno     0x20011a60        0x4 C:/ST/STM32CubeIDE_1.16.1/STM32CubeIDE/plugins/com.st.stm32cube.ide.mcu.externaltools.gnu-tools-for-stm32.12.3.rel1.win32_1.0.200.202406191623/tools/bin/../lib/gcc/arm-none-eabi/12.3.1/../../../../arm-none-eabi/lib/thumb/v7e-m+fp/hard\libc_nano.a(libc_a-reent.o)
                0x20011a60                errno
 .bss.__lock___malloc_recursive_mutex
                0x20011a64        0x1 C:/ST/STM32CubeIDE_1.16.1/STM32CubeIDE/plugins/com.st.stm32cube.ide.mcu.externaltools.gnu-tools-for-stm32.12.3.rel1.win32_1.0.200.202406191623/tools/bin/../lib/gcc/arm-none-eabi/12.3.1/../../../../arm-none-eabi/lib/thumb/v7e-m+fp/hard\libc_nano.a(libc_a-lock.o)
                0x20011a64                __lock___malloc_recursive_mutex
 *fill*         0x20011a65        0x3 
 .bss.__malloc_sbrk_start
                0x20011a68        0x4 C:/ST/STM32CubeIDE_1.16.1/STM32CubeIDE/plugins/com.st.stm32cube.ide.mcu.externaltools.gnu-tools-for-stm32.12.3.rel1.win32_1.0.200.202406191623/tools/bin/../lib/gcc/arm-none-eabi/12.3.1/../../../../arm-none-eabi/lib/thumb/v7e-m+fp/hard\libc_nano.a(libc_a-mallocr.o)
                0x20011a68                __malloc_sbrk_start
 .bss.__malloc_free_list
                0x20011a6c        0x4 C:/ST/STM32CubeIDE_1.16.1/STM32CubeIDE/plugins/com.st.stm32cube.ide.mcu.externaltools.gnu-tools-for-stm32.12.3.rel1.win32_1.0.200.202406191623/tools/bin/../lib/gcc/arm-none-eabi/12.3.1/../../../../arm-none-eabi/lib/thumb/v7e-m+fp/hard\libc_nano.a(libc_a-mallocr.o)
                0x20011a6c                __malloc_free_list
 *(COMMON)
                0x20011a70                        . = ALIGN (0x4)
                0x20011a70                        _ebss = .
                0x20011a70                        __bss_end__ = _ebss

._user_heap_stack
                0x20011a70      0x600 load address 0x08007b64
                0x20011a70                        . = ALIGN (0x8)
                [!provide]                        PROVIDE (end = .)
                0x20011a70                        PROVIDE (_end = .)
                0x20011c70                        . = (. + _Min_Heap_Size)
 *fill*         0x20011a70      0x200 
                0x20012070                        . = (. + _Min_Stack_Size)
 *fill*         0x20011c70      0x400 
                0x20012070                        . = ALIGN (0x8)

/DISCARD/
 libc.a(*)
 libm.a(*)
 libgcc.a(*)

.ARM.attributes
                0x00000000       0x30
 *(.ARM.attributes)
 .ARM.attributes
                0x00000000       0x22 C:/ST/STM32CubeIDE_1.16.1/STM32CubeIDE/plugins/com.st.stm32cube.ide.mcu.externaltools.gnu-tools-for-stm32.12.3.rel1.win32_1.0.200.202406191623/tools/bin/../lib/gcc/arm-none-eabi/12.3.1/thumb/v7e-m+fp/hard/crti.o
 .ARM.attributes
                0x00000022       0x34 C:/ST/STM32CubeIDE_1.16.1/STM32CubeIDE/plugins/com.st.stm32cube.ide.mcu.externaltools.gnu-tools-for-stm32.12.3.rel1.win32_1.0.200.202406191623/tools/bin/../lib/gcc/arm-none-eabi/12.3.1/thumb/v7e-m+fp/hard/crtbegin.o
 .ARM.attributes
                0x00000056       0x34 ./Core/Src/effects.o
 .ARM.attributes
                0x0000008a       0x34 ./Core/Src/main.o
 .ARM.attributes
                0x000000be       0x34 ./Core/Src/stm32l4xx_hal_msp.o
 .ARM.attributes
                0x000000f2       0x34 ./Core/Src/stm32l4xx_hal_timebase_tim.o
 .ARM.attributes
                0x00000126       0x34 ./Core/Src/stm32l4xx_it.o
 .ARM.attributes
                0x0000015a       0x34 ./Core/Src/sysmem.o
 .ARM.attributes
                0x0000018e       0x34 ./Core/Src/system_stm32l4xx.o
 .ARM.attributes
                0x000001c2       0x21 ./Core/Startup/startup_stm32l476rgtx.o
 .ARM.attributes
                0x000001e3       0x34 ./Drivers/STM32L4xx_HAL_Driver/Src/stm32l4xx_hal.o
 .ARM.attributes
                0x00000217       0x34 ./Drivers/STM32L4xx_HAL_Driver/Src/stm32l4xx_hal_adc.o
 .ARM.attributes
                0x0000024b       0x34 ./Drivers/STM32L4xx_HAL_Driver/Src/stm32l4xx_hal_adc_ex.o
 .ARM.attributes
                0x0000027f       0x34 ./Drivers/STM32L4xx_HAL_Driver/Src/stm32l4xx_hal_cortex.o
 .ARM.attributes
                0x000002b3       0x34 ./Drivers/STM32L4xx_HAL_Driver/Src/stm32l4xx_hal_dac.o
 .ARM.attributes
                0x000002e7       0x34 ./Drivers/STM32L4xx_HAL_Driver/Src/stm32l4xx_hal_dac_ex.o
 .ARM.attributes
                0x0000031b       0x34 ./Drivers/STM32L4xx_HAL_Driver/Src/stm32l4xx_hal_dma.o
 .ARM.attributes
                0x0000034f       0x34 ./Drivers/STM32L4xx_HAL_Driver/Src/stm32l4xx_hal_gpio.o
 .ARM.attributes
                0x00000383       0x34 ./Drivers/STM32L4xx_HAL_Driver/Src/stm32l4xx_hal_opamp.o
 .ARM.attributes
                0x000003b7       0x34 ./Drivers/STM32L4xx_HAL_Driver/Src/stm32l4xx_hal_pwr_ex.o
 .ARM.attributes
                0x000003eb       0x34 ./Drivers/STM32L4xx_HAL_Driver/Src/stm32l4xx_hal_rcc.o
 .ARM.attributes
                0x0000041f       0x34 ./Drivers/STM32L4xx_HAL_Driver/Src/stm32l4xx_hal_rcc_ex.o
 .ARM.attributes
                0x00000453       0x34 ./Drivers/STM32L4xx_HAL_Driver/Src/stm32l4xx_hal_tim.o
 .ARM.attributes
                0x00000487       0x34 ./Drivers/STM32L4xx_HAL_Driver/Src/stm32l4xx_hal_tim_ex.o
 .ARM.attributes
                0x000004bb       0x34 ./Drivers/STM32L4xx_HAL_Driver/Src/stm32l4xx_hal_uart.o
 .ARM.attributes
                0x000004ef       0x34 C:/ST/STM32CubeIDE_1.16.1/STM32CubeIDE/plugins/com.st.stm32cube.ide.mcu.externaltools.gnu-tools-for-stm32.12.3.rel1.win32_1.0.200.202406191623/tools/bin/../lib/gcc/arm-none-eabi/12.3.1/../../../../arm-none-eabi/lib/thumb/v7e-m+fp/hard\libc_nano.a(libc_a-findfp.o)
 .ARM.attributes
                0x00000523       0x34 C:/ST/STM32CubeIDE_1.16.1/STM32CubeIDE/plugins/com.st.stm32cube.ide.mcu.externaltools.gnu-tools-for-stm32.12.3.rel1.win32_1.0.200.202406191623/tools/bin/../lib/gcc/arm-none-eabi/12.3.1/../../../../arm-none-eabi/lib/thumb/v7e-m+fp/hard\libc_nano.a(libc_a-sprintf.o)
 .ARM.attributes
                0x00000557       0x34 C:/ST/STM32CubeIDE_1.16.1/STM32CubeIDE/plugins/com.st.stm32cube.ide.mcu.externaltools.gnu-tools-for-stm32.12.3.rel1.win32_1.0.200.202406191623/tools/bin/../lib/gcc/arm-none-eabi/12.3.1/../../../../arm-none-eabi/lib/thumb/v7e-m+fp/hard\libc_nano.a(libc_a-memset.o)
 .ARM.attributes
                0x0000058b       0x34 C:/ST/STM32CubeIDE_1.16.1/STM32CubeIDE/plugins/com.st.stm32cube.ide.mcu.externaltools.gnu-tools-for-stm32.12.3.rel1.win32_1.0.200.202406191623/tools/bin/../lib/gcc/arm-none-eabi/12.3.1/../../../../arm-none-eabi/lib/thumb/v7e-m+fp/hard\libc_nano.a(libc_a-reent.o)
 .ARM.attributes
                0x000005bf       0x34 C:/ST/STM32CubeIDE_1.16.1/STM32CubeIDE/plugins/com.st.stm32cube.ide.mcu.externaltools.gnu-tools-for-stm32.12.3.rel1.win32_1.0.200.202406191623/tools/bin/../lib/gcc/arm-none-eabi/12.3.1/../../../../arm-none-eabi/lib/thumb/v7e-m+fp/hard\libc_nano.a(libc_a-impure.o)
 .ARM.attributes
                0x000005f3       0x34 C:/ST/STM32CubeIDE_1.16.1/STM32CubeIDE/plugins/com.st.stm32cube.ide.mcu.externaltools.gnu-tools-for-stm32.12.3.rel1.win32_1.0.200.202406191623/tools/bin/../lib/gcc/arm-none-eabi/12.3.1/../../../../arm-none-eabi/lib/thumb/v7e-m+fp/hard\libc_nano.a(libc_a-errno.o)
 .ARM.attributes
                0x00000627       0x34 C:/ST/STM32CubeIDE_1.16.1/STM32CubeIDE/plugins/com.st.stm32cube.ide.mcu.externaltools.gnu-tools-for-stm32.12.3.rel1.win32_1.0.200.202406191623/tools/bin/../lib/gcc/arm-none-eabi/12.3.1/../../../../arm-none-eabi/lib/thumb/v7e-m+fp/hard\libc_nano.a(libc_a-init.o)
 .ARM.attributes
                0x0000065b       0x34 C:/ST/STM32CubeIDE_1.16.1/STM32CubeIDE/plugins/com.st.stm32cube.ide.mcu.externaltools.gnu-tools-for-stm32.12.3.rel1.win32_1.0.200.202406191623/tools/bin/../lib/gcc/arm-none-eabi/12.3.1/../../../../arm-none-eabi/lib/thumb/v7e-m+fp/hard\libc_nano.a(libc_a-lock.o)
 .ARM.attributes
                0x0000068f       0x17 C:/ST/STM32CubeIDE_1.16.1/STM32CubeIDE/plugins/com.st.stm32cube.ide.mcu.externaltools.gnu-tools-for-stm32.12.3.rel1.win32_1.0.200.202406191623/tools/bin/../lib/gcc/arm-none-eabi/12.3.1/../../../../arm-none-eabi/lib/thumb/v7e-m+fp/hard\libc_nano.a(libc_a-strlen.o)
 .ARM.attributes
                0x000006a6       0x34 C:/ST/STM32CubeIDE_1.16.1/STM32CubeIDE/plugins/com.st.stm32cube.ide.mcu.externaltools.gnu-tools-for-stm32.12.3.rel1.win32_1.0.200.202406191623/tools/bin/../lib/gcc/arm-none-eabi/12.3.1/../../../../arm-none-eabi/lib/thumb/v7e-m+fp/hard\libc_nano.a(libc_a-freer.o)
 .ARM.attributes
                0x000006da       0x34 C:/ST/STM32CubeIDE_1.16.1/STM32CubeIDE/plugins/com.st.stm32cube.ide.mcu.externaltools.gnu-tools-for-stm32.12.3.rel1.win32_1.0.200.202406191623/tools/bin/../lib/gcc/arm-none-eabi/12.3.1/../../../../arm-none-eabi/lib/thumb/v7e-m+fp/hard\libc_nano.a(libc_a-mallocr.o)
 .ARM.attributes
                0x0000070e       0x34 C:/ST/STM32CubeIDE_1.16.1/STM32CubeIDE/plugins/com.st.stm32cube.ide.mcu.externaltools.gnu-tools-for-stm32.12.3.rel1.win32_1.0.200.202406191623/tools/bin/../lib/gcc/arm-none-eabi/12.3.1/../../../../arm-none-eabi/lib/thumb/v7e-m+fp/hard\libc_nano.a(libc_a-mlock.o)
 .ARM.attributes
                0x00000742       0x34 C:/ST/STM32CubeIDE_1.16.1/STM32CubeIDE/plugins/com.st.stm32cube.ide.mcu.externaltools.gnu-tools-for-stm32.12.3.rel1.win32_1.0.200.202406191623/tools/bin/../lib/gcc/arm-none-eabi/12.3.1/../../../../arm-none-eabi/lib/thumb/v7e-m+fp/hard\libc_nano.a(libc_a-nano-svfprintf.o)
 .ARM.attributes
                0x00000776       0x34 C:/ST/STM32CubeIDE_1.16.1/STM32CubeIDE/plugins/com.st.stm32cube.ide.mcu.externaltools.gnu-tools-for-stm32.12.3.rel1.win32_1.0.200.202406191623/tools/bin/../lib/gcc/arm-none-eabi/12.3.1/../../../../arm-none-eabi/lib/thumb/v7e-m+fp/hard\libc_nano.a(libc_a-nano-vfprintf_i.o)
 .ARM.attributes
                0x000007aa       0x34 C:/ST/STM32CubeIDE_1.16.1/STM32CubeIDE/plugins/com.st.stm32cube.ide.mcu.externaltools.gnu-tools-for-stm32.12.3.rel1.win32_1.0.200.202406191623/tools/bin/../lib/gcc/arm-none-eabi/12.3.1/../../../../arm-none-eabi/lib/thumb/v7e-m+fp/hard\libc_nano.a(libc_a-memmove.o)
 .ARM.attributes
                0x000007de       0x34 C:/ST/STM32CubeIDE_1.16.1/STM32CubeIDE/plugins/com.st.stm32cube.ide.mcu.externaltools.gnu-tools-for-stm32.12.3.rel1.win32_1.0.200.202406191623/tools/bin/../lib/gcc/arm-none-eabi/12.3.1/../../../../arm-none-eabi/lib/thumb/v7e-m+fp/hard\libc_nano.a(libc_a-sbrkr.o)
 .ARM.attributes
                0x00000812       0x1c C:/ST/STM32CubeIDE_1.16.1/STM32CubeIDE/plugins/com.st.stm32cube.ide.mcu.externaltools.gnu-tools-for-stm32.12.3.rel1.win32_1.0.200.202406191623/tools/bin/../lib/gcc/arm-none-eabi/12.3.1/../../../../arm-none-eabi/lib/thumb/v7e-m+fp/hard\libc_nano.a(libc_a-memchr.o)
 .ARM.attributes
                0x0000082e       0x34 C:/ST/STM32CubeIDE_1.16.1/STM32CubeIDE/plugins/com.st.stm32cube.ide.mcu.externaltools.gnu-tools-for-stm32.12.3.rel1.win32_1.0.200.202406191623/tools/bin/../lib/gcc/arm-none-eabi/12.3.1/../../../../arm-none-eabi/lib/thumb/v7e-m+fp/hard\libc_nano.a(libc_a-memcpy-stub.o)
 .ARM.attributes
                0x00000862       0x34 C:/ST/STM32CubeIDE_1.16.1/STM32CubeIDE/plugins/com.st.stm32cube.ide.mcu.externaltools.gnu-tools-for-stm32.12.3.rel1.win32_1.0.200.202406191623/tools/bin/../lib/gcc/arm-none-eabi/12.3.1/../../../../arm-none-eabi/lib/thumb/v7e-m+fp/hard\libc_nano.a(libc_a-reallocr.o)
 .ARM.attributes
                0x00000896       0x34 C:/ST/STM32CubeIDE_1.16.1/STM32CubeIDE/plugins/com.st.stm32cube.ide.mcu.externaltools.gnu-tools-for-stm32.12.3.rel1.win32_1.0.200.202406191623/tools/bin/../lib/gcc/arm-none-eabi/12.3.1/../../../../arm-none-eabi/lib/thumb/v7e-m+fp/hard\libc_nano.a(libc_a-msizer.o)
 .ARM.attributes
                0x000008ca       0x22 C:/ST/STM32CubeIDE_1.16.1/STM32CubeIDE/plugins/com.st.stm32cube.ide.mcu.externaltools.gnu-tools-for-stm32.12.3.rel1.win32_1.0.200.202406191623/tools/bin/../lib/gcc/arm-none-eabi/12.3.1/thumb/v7e-m+fp/hard\libgcc.a(_aeabi_uldivmod.o)
 .ARM.attributes
                0x000008ec       0x34 C:/ST/STM32CubeIDE_1.16.1/STM32CubeIDE/plugins/com.st.stm32cube.ide.mcu.externaltools.gnu-tools-for-stm32.12.3.rel1.win32_1.0.200.202406191623/tools/bin/../lib/gcc/arm-none-eabi/12.3.1/thumb/v7e-m+fp/hard\libgcc.a(_udivmoddi4.o)
 .ARM.attributes
                0x00000920       0x22 C:/ST/STM32CubeIDE_1.16.1/STM32CubeIDE/plugins/com.st.stm32cube.ide.mcu.externaltools.gnu-tools-for-stm32.12.3.rel1.win32_1.0.200.202406191623/tools/bin/../lib/gcc/arm-none-eabi/12.3.1/thumb/v7e-m+fp/hard\libgcc.a(_dvmd_tls.o)
 .ARM.attributes
                0x00000942       0x22 C:/ST/STM32CubeIDE_1.16.1/STM32CubeIDE/plugins/com.st.stm32cube.ide.mcu.externaltools.gnu-tools-for-stm32.12.3.rel1.win32_1.0.200.202406191623/tools/bin/../lib/gcc/arm-none-eabi/12.3.1/thumb/v7e-m+fp/hard/crtn.o
OUTPUT(Pedal.elf elf32-littlearm)
LOAD linker stubs
LOAD C:/ST/STM32CubeIDE_1.16.1/STM32CubeIDE/plugins/com.st.stm32cube.ide.mcu.externaltools.gnu-tools-for-stm32.12.3.rel1.win32_1.0.200.202406191623/tools/bin/../lib/gcc/arm-none-eabi/12.3.1/../../../../arm-none-eabi/lib/thumb/v7e-m+fp/hard\libc.a
LOAD C:/ST/STM32CubeIDE_1.16.1/STM32CubeIDE/plugins/com.st.stm32cube.ide.mcu.externaltools.gnu-tools-for-stm32.12.3.rel1.win32_1.0.200.202406191623/tools/bin/../lib/gcc/arm-none-eabi/12.3.1/../../../../arm-none-eabi/lib/thumb/v7e-m+fp/hard\libm.a
LOAD C:/ST/STM32CubeIDE_1.16.1/STM32CubeIDE/plugins/com.st.stm32cube.ide.mcu.externaltools.gnu-tools-for-stm32.12.3.rel1.win32_1.0.200.202406191623/tools/bin/../lib/gcc/arm-none-eabi/12.3.1/thumb/v7e-m+fp/hard\libgcc.a

.debug_info     0x00000000    0x17d89
 .debug_info    0x00000000      0x3a8 ./Core/Src/effects.o
 .debug_info    0x000003a8     0x2627 ./Core/Src/main.o
 .debug_info    0x000029cf     0x1d70 ./Core/Src/stm32l4xx_hal_msp.o
 .debug_info    0x0000473f      0xc7f ./Core/Src/stm32l4xx_hal_timebase_tim.o
 .debug_info    0x000053be      0x92c ./Core/Src/stm32l4xx_it.o
 .debug_info    0x00005cea      0x168 ./Core/Src/sysmem.o
 .debug_info    0x00005e52      0x5b1 ./Core/Src/system_stm32l4xx.o
 .debug_info    0x00006403       0x30 ./Core/Startup/startup_stm32l476rgtx.o
 .debug_info    0x00006433      0xc09 ./Drivers/STM32L4xx_HAL_Driver/Src/stm32l4xx_hal.o
 .debug_info    0x0000703c     0x1db8 ./Drivers/STM32L4xx_HAL_Driver/Src/stm32l4xx_hal_adc.o
 .debug_info    0x00008df4     0x1b24 ./Drivers/STM32L4xx_HAL_Driver/Src/stm32l4xx_hal_adc_ex.o
 .debug_info    0x0000a918      0xd81 ./Drivers/STM32L4xx_HAL_Driver/Src/stm32l4xx_hal_cortex.o
 .debug_info    0x0000b699      0xa6f ./Drivers/STM32L4xx_HAL_Driver/Src/stm32l4xx_hal_dac.o
 .debug_info    0x0000c108      0x8e4 ./Drivers/STM32L4xx_HAL_Driver/Src/stm32l4xx_hal_dac_ex.o
 .debug_info    0x0000c9ec      0x6f4 ./Drivers/STM32L4xx_HAL_Driver/Src/stm32l4xx_hal_dma.o
 .debug_info    0x0000d0e0      0x757 ./Drivers/STM32L4xx_HAL_Driver/Src/stm32l4xx_hal_gpio.o
 .debug_info    0x0000d837      0x4ee ./Drivers/STM32L4xx_HAL_Driver/Src/stm32l4xx_hal_opamp.o
 .debug_info    0x0000dd25      0x99e ./Drivers/STM32L4xx_HAL_Driver/Src/stm32l4xx_hal_pwr_ex.o
 .debug_info    0x0000e6c3      0xc14 ./Drivers/STM32L4xx_HAL_Driver/Src/stm32l4xx_hal_rcc.o
 .debug_info    0x0000f2d7      0xe11 ./Drivers/STM32L4xx_HAL_Driver/Src/stm32l4xx_hal_rcc_ex.o
 .debug_info    0x000100e8     0x2a9a ./Drivers/STM32L4xx_HAL_Driver/Src/stm32l4xx_hal_tim.o
 .debug_info    0x00012b82     0x169e ./Drivers/STM32L4xx_HAL_Driver/Src/stm32l4xx_hal_tim_ex.o
 .debug_info    0x00014220     0x3b69 ./Drivers/STM32L4xx_HAL_Driver/Src/stm32l4xx_hal_uart.o

.debug_abbrev   0x00000000     0x2fec
 .debug_abbrev  0x00000000      0x103 ./Core/Src/effects.o
 .debug_abbrev  0x00000103      0x320 ./Core/Src/main.o
 .debug_abbrev  0x00000423      0x262 ./Core/Src/stm32l4xx_hal_msp.o
 .debug_abbrev  0x00000685      0x1f4 ./Core/Src/stm32l4xx_hal_timebase_tim.o
 .debug_abbrev  0x00000879      0x182 ./Core/Src/stm32l4xx_it.o
 .debug_abbrev  0x000009fb       0xbc ./Core/Src/sysmem.o
 .debug_abbrev  0x00000ab7      0x11a ./Core/Src/system_stm32l4xx.o
 .debug_abbrev  0x00000bd1       0x24 ./Core/Startup/startup_stm32l476rgtx.o
 .debug_abbrev  0x00000bf5      0x243 ./Drivers/STM32L4xx_HAL_Driver/Src/stm32l4xx_hal.o
 .debug_abbrev  0x00000e38      0x2de ./Drivers/STM32L4xx_HAL_Driver/Src/stm32l4xx_hal_adc.o
 .debug_abbrev  0x00001116      0x2f1 ./Drivers/STM32L4xx_HAL_Driver/Src/stm32l4xx_hal_adc_ex.o
 .debug_abbrev  0x00001407      0x31c ./Drivers/STM32L4xx_HAL_Driver/Src/stm32l4xx_hal_cortex.o
 .debug_abbrev  0x00001723      0x21b ./Drivers/STM32L4xx_HAL_Driver/Src/stm32l4xx_hal_dac.o
 .debug_abbrev  0x0000193e      0x245 ./Drivers/STM32L4xx_HAL_Driver/Src/stm32l4xx_hal_dac_ex.o
 .debug_abbrev  0x00001b83      0x1e4 ./Drivers/STM32L4xx_HAL_Driver/Src/stm32l4xx_hal_dma.o
 .debug_abbrev  0x00001d67      0x1cb ./Drivers/STM32L4xx_HAL_Driver/Src/stm32l4xx_hal_gpio.o
 .debug_abbrev  0x00001f32      0x185 ./Drivers/STM32L4xx_HAL_Driver/Src/stm32l4xx_hal_opamp.o
 .debug_abbrev  0x000020b7      0x1f9 ./Drivers/STM32L4xx_HAL_Driver/Src/stm32l4xx_hal_pwr_ex.o
 .debug_abbrev  0x000022b0      0x2cb ./Drivers/STM32L4xx_HAL_Driver/Src/stm32l4xx_hal_rcc.o
 .debug_abbrev  0x0000257b      0x2a6 ./Drivers/STM32L4xx_HAL_Driver/Src/stm32l4xx_hal_rcc_ex.o
 .debug_abbrev  0x00002821      0x278 ./Drivers/STM32L4xx_HAL_Driver/Src/stm32l4xx_hal_tim.o
 .debug_abbrev  0x00002a99      0x283 ./Drivers/STM32L4xx_HAL_Driver/Src/stm32l4xx_hal_tim_ex.o
 .debug_abbrev  0x00002d1c      0x2d0 ./Drivers/STM32L4xx_HAL_Driver/Src/stm32l4xx_hal_uart.o

.debug_aranges  0x00000000     0x1590
 .debug_aranges
                0x00000000       0x58 ./Core/Src/effects.o
 .debug_aranges
                0x00000058       0xd0 ./Core/Src/main.o
 .debug_aranges
                0x00000128       0x70 ./Core/Src/stm32l4xx_hal_msp.o
 .debug_aranges
                0x00000198       0x30 ./Core/Src/stm32l4xx_hal_timebase_tim.o
 .debug_aranges
                0x000001c8       0x78 ./Core/Src/stm32l4xx_it.o
 .debug_aranges
                0x00000240       0x20 ./Core/Src/sysmem.o
 .debug_aranges
                0x00000260       0x28 ./Core/Src/system_stm32l4xx.o
 .debug_aranges
                0x00000288       0x28 ./Core/Startup/startup_stm32l476rgtx.o
 .debug_aranges
                0x000002b0      0x130 ./Drivers/STM32L4xx_HAL_Driver/Src/stm32l4xx_hal.o
 .debug_aranges
                0x000003e0      0x220 ./Drivers/STM32L4xx_HAL_Driver/Src/stm32l4xx_hal_adc.o
 .debug_aranges
                0x00000600      0x1a8 ./Drivers/STM32L4xx_HAL_Driver/Src/stm32l4xx_hal_adc_ex.o
 .debug_aranges
                0x000007a8      0x128 ./Drivers/STM32L4xx_HAL_Driver/Src/stm32l4xx_hal_cortex.o
 .debug_aranges
                0x000008d0       0xc0 ./Drivers/STM32L4xx_HAL_Driver/Src/stm32l4xx_hal_dac.o
 .debug_aranges
                0x00000990       0x88 ./Drivers/STM32L4xx_HAL_Driver/Src/stm32l4xx_hal_dac_ex.o
 .debug_aranges
                0x00000a18       0x80 ./Drivers/STM32L4xx_HAL_Driver/Src/stm32l4xx_hal_dma.o
 .debug_aranges
                0x00000a98       0x58 ./Drivers/STM32L4xx_HAL_Driver/Src/stm32l4xx_hal_gpio.o
 .debug_aranges
                0x00000af0       0x68 ./Drivers/STM32L4xx_HAL_Driver/Src/stm32l4xx_hal_opamp.o
 .debug_aranges
                0x00000b58      0x160 ./Drivers/STM32L4xx_HAL_Driver/Src/stm32l4xx_hal_pwr_ex.o
 .debug_aranges
                0x00000cb8       0x90 ./Drivers/STM32L4xx_HAL_Driver/Src/stm32l4xx_hal_rcc.o
 .debug_aranges
                0x00000d48       0xc0 ./Drivers/STM32L4xx_HAL_Driver/Src/stm32l4xx_hal_rcc_ex.o
 .debug_aranges
                0x00000e08      0x3e0 ./Drivers/STM32L4xx_HAL_Driver/Src/stm32l4xx_hal_tim.o
 .debug_aranges
                0x000011e8      0x180 ./Drivers/STM32L4xx_HAL_Driver/Src/stm32l4xx_hal_tim_ex.o
 .debug_aranges
                0x00001368      0x228 ./Drivers/STM32L4xx_HAL_Driver/Src/stm32l4xx_hal_uart.o

.debug_rnglists
                0x00000000     0x10c9
 .debug_rnglists
                0x00000000       0x41 ./Core/Src/effects.o
 .debug_rnglists
                0x00000041       0x9f ./Core/Src/main.o
 .debug_rnglists
                0x000000e0       0x54 ./Core/Src/stm32l4xx_hal_msp.o
 .debug_rnglists
                0x00000134       0x20 ./Core/Src/stm32l4xx_hal_timebase_tim.o
 .debug_rnglists
                0x00000154       0x55 ./Core/Src/stm32l4xx_it.o
 .debug_rnglists
                0x000001a9       0x13 ./Core/Src/sysmem.o
 .debug_rnglists
                0x000001bc       0x1a ./Core/Src/system_stm32l4xx.o
 .debug_rnglists
                0x000001d6       0x19 ./Core/Startup/startup_stm32l476rgtx.o
 .debug_rnglists
                0x000001ef       0xdf ./Drivers/STM32L4xx_HAL_Driver/Src/stm32l4xx_hal.o
 .debug_rnglists
                0x000002ce      0x1b1 ./Drivers/STM32L4xx_HAL_Driver/Src/stm32l4xx_hal_adc.o
 .debug_rnglists
                0x0000047f      0x148 ./Drivers/STM32L4xx_HAL_Driver/Src/stm32l4xx_hal_adc_ex.o
 .debug_rnglists
                0x000005c7       0xda ./Drivers/STM32L4xx_HAL_Driver/Src/stm32l4xx_hal_cortex.o
 .debug_rnglists
                0x000006a1       0x90 ./Drivers/STM32L4xx_HAL_Driver/Src/stm32l4xx_hal_dac.o
 .debug_rnglists
                0x00000731       0x62 ./Drivers/STM32L4xx_HAL_Driver/Src/stm32l4xx_hal_dac_ex.o
 .debug_rnglists
                0x00000793       0x64 ./Drivers/STM32L4xx_HAL_Driver/Src/stm32l4xx_hal_dma.o
 .debug_rnglists
                0x000007f7       0x3f ./Drivers/STM32L4xx_HAL_Driver/Src/stm32l4xx_hal_gpio.o
 .debug_rnglists
                0x00000836       0x4c ./Drivers/STM32L4xx_HAL_Driver/Src/stm32l4xx_hal_opamp.o
 .debug_rnglists
                0x00000882      0x109 ./Drivers/STM32L4xx_HAL_Driver/Src/stm32l4xx_hal_pwr_ex.o
 .debug_rnglists
                0x0000098b       0x6d ./Drivers/STM32L4xx_HAL_Driver/Src/stm32l4xx_hal_rcc.o
 .debug_rnglists
                0x000009f8       0x95 ./Drivers/STM32L4xx_HAL_Driver/Src/stm32l4xx_hal_rcc_ex.o
 .debug_rnglists
                0x00000a8d      0x328 ./Drivers/STM32L4xx_HAL_Driver/Src/stm32l4xx_hal_tim.o
 .debug_rnglists
                0x00000db5      0x139 ./Drivers/STM32L4xx_HAL_Driver/Src/stm32l4xx_hal_tim_ex.o
 .debug_rnglists
                0x00000eee      0x1db ./Drivers/STM32L4xx_HAL_Driver/Src/stm32l4xx_hal_uart.o

.debug_macro    0x00000000    0x29e07
 .debug_macro   0x00000000      0x113 ./Core/Src/effects.o
 .debug_macro   0x00000113      0xab4 ./Core/Src/effects.o
 .debug_macro   0x00000bc7       0x22 ./Core/Src/effects.o
 .debug_macro   0x00000be9       0x22 ./Core/Src/effects.o
 .debug_macro   0x00000c0b       0x5b ./Core/Src/effects.o
 .debug_macro   0x00000c66       0x2a ./Core/Src/effects.o
 .debug_macro   0x00000c90       0x94 ./Core/Src/effects.o
 .debug_macro   0x00000d24       0x43 ./Core/Src/effects.o
 .debug_macro   0x00000d67       0x34 ./Core/Src/effects.o
 .debug_macro   0x00000d9b      0x189 ./Core/Src/effects.o
 .debug_macro   0x00000f24       0x16 ./Core/Src/effects.o
 .debug_macro   0x00000f3a       0x43 ./Core/Src/effects.o
 .debug_macro   0x00000f7d       0x57 ./Core/Src/effects.o
 .debug_macro   0x00000fd4       0x34 ./Core/Src/effects.o
 .debug_macro   0x00001008       0x10 ./Core/Src/effects.o
 .debug_macro   0x00001018       0x58 ./Core/Src/effects.o
 .debug_macro   0x00001070       0x8e ./Core/Src/effects.o
 .debug_macro   0x000010fe       0x1c ./Core/Src/effects.o
 .debug_macro   0x0000111a      0x177 ./Core/Src/effects.o
 .debug_macro   0x00001291      0x369 ./Core/Src/effects.o
 .debug_macro   0x000015fa      0x19b ./Core/Src/effects.o
 .debug_macro   0x00001795      0x376 ./Core/Src/main.o
 .debug_macro   0x00001b0b      0x1b9 ./Core/Src/main.o
 .debug_macro   0x00001cc4       0x2e ./Core/Src/main.o
 .debug_macro   0x00001cf2       0x28 ./Core/Src/main.o
 .debug_macro   0x00001d1a       0x8e ./Core/Src/main.o
 .debug_macro   0x00001da8       0x51 ./Core/Src/main.o
 .debug_macro   0x00001df9      0x103 ./Core/Src/main.o
 .debug_macro   0x00001efc       0x6a ./Core/Src/main.o
 .debug_macro   0x00001f66      0x1df ./Core/Src/main.o
 .debug_macro   0x00002145       0x1c ./Core/Src/main.o
 .debug_macro   0x00002161       0x22 ./Core/Src/main.o
 .debug_macro   0x00002183       0xfb ./Core/Src/main.o
 .debug_macro   0x0000227e     0x1011 ./Core/Src/main.o
 .debug_macro   0x0000328f      0x11f ./Core/Src/main.o
 .debug_macro   0x000033ae    0x1a17a ./Core/Src/main.o
 .debug_macro   0x0001d528       0x6d ./Core/Src/main.o
 .debug_macro   0x0001d595     0x38fb ./Core/Src/main.o
 .debug_macro   0x00020e90       0x5c ./Core/Src/main.o
 .debug_macro   0x00020eec     0x159e ./Core/Src/main.o
 .debug_macro   0x0002248a      0x5a5 ./Core/Src/main.o
 .debug_macro   0x00022a2f      0x1b9 ./Core/Src/main.o
 .debug_macro   0x00022be8      0x18b ./Core/Src/main.o
 .debug_macro   0x00022d73      0x26b ./Core/Src/main.o
 .debug_macro   0x00022fde      0x23d ./Core/Src/main.o
 .debug_macro   0x0002321b      0xf91 ./Core/Src/main.o
 .debug_macro   0x000241ac      0x632 ./Core/Src/main.o
 .debug_macro   0x000247de      0x30c ./Core/Src/main.o
 .debug_macro   0x00024aea      0x153 ./Core/Src/main.o
 .debug_macro   0x00024c3d       0xd8 ./Core/Src/main.o
 .debug_macro   0x00024d15      0x241 ./Core/Src/main.o
 .debug_macro   0x00024f56      0x37c ./Core/Src/main.o
 .debug_macro   0x000252d2       0xd6 ./Core/Src/main.o
 .debug_macro   0x000253a8       0xf8 ./Core/Src/main.o
 .debug_macro   0x000254a0      0x122 ./Core/Src/main.o
 .debug_macro   0x000255c2      0x3ef ./Core/Src/main.o
 .debug_macro   0x000259b1      0xa98 ./Core/Src/main.o
 .debug_macro   0x00026449      0x1e6 ./Core/Src/main.o
 .debug_macro   0x0002662f      0x5cf ./Core/Src/main.o
 .debug_macro   0x00026bfe       0x44 ./Core/Src/main.o
 .debug_macro   0x00026c42      0x330 ./Core/Src/main.o
 .debug_macro   0x00026f72       0x1c ./Core/Src/main.o
 .debug_macro   0x00026f8e       0x61 ./Core/Src/main.o
 .debug_macro   0x00026fef       0x16 ./Core/Src/main.o
 .debug_macro   0x00027005       0x35 ./Core/Src/main.o
 .debug_macro   0x0002703a       0x10 ./Core/Src/main.o
 .debug_macro   0x0002704a       0x16 ./Core/Src/main.o
 .debug_macro   0x00027060       0x16 ./Core/Src/main.o
 .debug_macro   0x00027076      0x146 ./Core/Src/main.o
 .debug_macro   0x000271bc       0x16 ./Core/Src/main.o
 .debug_macro   0x000271d2       0x20 ./Core/Src/main.o
 .debug_macro   0x000271f2       0x16 ./Core/Src/main.o
 .debug_macro   0x00027208       0x16 ./Core/Src/main.o
 .debug_macro   0x0002721e       0x29 ./Core/Src/main.o
 .debug_macro   0x00027247      0x21b ./Core/Src/stm32l4xx_hal_msp.o
 .debug_macro   0x00027462      0x20c ./Core/Src/stm32l4xx_hal_timebase_tim.o
 .debug_macro   0x0002766e      0x225 ./Core/Src/stm32l4xx_it.o
 .debug_macro   0x00027893       0xff ./Core/Src/sysmem.o
 .debug_macro   0x00027992      0x23c ./Core/Src/sysmem.o
 .debug_macro   0x00027bce      0x20c ./Core/Src/system_stm32l4xx.o
 .debug_macro   0x00027dda      0x25a ./Drivers/STM32L4xx_HAL_Driver/Src/stm32l4xx_hal.o
 .debug_macro   0x00028034      0x229 ./Drivers/STM32L4xx_HAL_Driver/Src/stm32l4xx_hal_adc.o
 .debug_macro   0x0002825d      0x218 ./Drivers/STM32L4xx_HAL_Driver/Src/stm32l4xx_hal_adc_ex.o
 .debug_macro   0x00028475      0x20c ./Drivers/STM32L4xx_HAL_Driver/Src/stm32l4xx_hal_cortex.o
 .debug_macro   0x00028681      0x21b ./Drivers/STM32L4xx_HAL_Driver/Src/stm32l4xx_hal_dac.o
 .debug_macro   0x0002889c      0x20c ./Drivers/STM32L4xx_HAL_Driver/Src/stm32l4xx_hal_dac_ex.o
 .debug_macro   0x00028aa8      0x20c ./Drivers/STM32L4xx_HAL_Driver/Src/stm32l4xx_hal_dma.o
 .debug_macro   0x00028cb4      0x213 ./Drivers/STM32L4xx_HAL_Driver/Src/stm32l4xx_hal_gpio.o
 .debug_macro   0x00028ec7      0x230 ./Drivers/STM32L4xx_HAL_Driver/Src/stm32l4xx_hal_opamp.o
 .debug_macro   0x000290f7      0x230 ./Drivers/STM32L4xx_HAL_Driver/Src/stm32l4xx_hal_pwr_ex.o
 .debug_macro   0x00029327      0x24e ./Drivers/STM32L4xx_HAL_Driver/Src/stm32l4xx_hal_rcc.o
 .debug_macro   0x00029575      0x242 ./Drivers/STM32L4xx_HAL_Driver/Src/stm32l4xx_hal_rcc_ex.o
 .debug_macro   0x000297b7      0x20d ./Drivers/STM32L4xx_HAL_Driver/Src/stm32l4xx_hal_tim.o
 .debug_macro   0x000299c4      0x20c ./Drivers/STM32L4xx_HAL_Driver/Src/stm32l4xx_hal_tim_ex.o
 .debug_macro   0x00029bd0      0x237 ./Drivers/STM32L4xx_HAL_Driver/Src/stm32l4xx_hal_uart.o

.debug_line     0x00000000    0x19405
 .debug_line    0x00000000      0x6e5 ./Core/Src/effects.o
 .debug_line    0x000006e5      0xebc ./Core/Src/main.o
 .debug_line    0x000015a1      0xa56 ./Core/Src/stm32l4xx_hal_msp.o
 .debug_line    0x00001ff7      0x875 ./Core/Src/stm32l4xx_hal_timebase_tim.o
 .debug_line    0x0000286c      0x903 ./Core/Src/stm32l4xx_it.o
 .debug_line    0x0000316f      0x583 ./Core/Src/sysmem.o
 .debug_line    0x000036f2      0x897 ./Core/Src/system_stm32l4xx.o
 .debug_line    0x00003f89       0x7a ./Core/Startup/startup_stm32l476rgtx.o
 .debug_line    0x00004003      0xbf3 ./Drivers/STM32L4xx_HAL_Driver/Src/stm32l4xx_hal.o
 .debug_line    0x00004bf6     0x200b ./Drivers/STM32L4xx_HAL_Driver/Src/stm32l4xx_hal_adc.o
 .debug_line    0x00006c01     0x1a18 ./Drivers/STM32L4xx_HAL_Driver/Src/stm32l4xx_hal_adc_ex.o
 .debug_line    0x00008619      0xdbb ./Drivers/STM32L4xx_HAL_Driver/Src/stm32l4xx_hal_cortex.o
 .debug_line    0x000093d4      0xcd8 ./Drivers/STM32L4xx_HAL_Driver/Src/stm32l4xx_hal_dac.o
 .debug_line    0x0000a0ac      0xaf8 ./Drivers/STM32L4xx_HAL_Driver/Src/stm32l4xx_hal_dac_ex.o
 .debug_line    0x0000aba4      0xdf7 ./Drivers/STM32L4xx_HAL_Driver/Src/stm32l4xx_hal_dma.o
 .debug_line    0x0000b99b      0xc7e ./Drivers/STM32L4xx_HAL_Driver/Src/stm32l4xx_hal_gpio.o
 .debug_line    0x0000c619      0xad0 ./Drivers/STM32L4xx_HAL_Driver/Src/stm32l4xx_hal_opamp.o
 .debug_line    0x0000d0e9      0xde4 ./Drivers/STM32L4xx_HAL_Driver/Src/stm32l4xx_hal_pwr_ex.o
 .debug_line    0x0000decd     0x106b ./Drivers/STM32L4xx_HAL_Driver/Src/stm32l4xx_hal_rcc.o
 .debug_line    0x0000ef38     0x15dd ./Drivers/STM32L4xx_HAL_Driver/Src/stm32l4xx_hal_rcc_ex.o
 .debug_line    0x00010515     0x3f01 ./Drivers/STM32L4xx_HAL_Driver/Src/stm32l4xx_hal_tim.o
 .debug_line    0x00014416     0x1ceb ./Drivers/STM32L4xx_HAL_Driver/Src/stm32l4xx_hal_tim_ex.o
 .debug_line    0x00016101     0x3304 ./Drivers/STM32L4xx_HAL_Driver/Src/stm32l4xx_hal_uart.o

.debug_str      0x00000000   0x109270
 .debug_str     0x00000000     0x6fed ./Core/Src/effects.o
                               0x7125 (size before relaxing)
 .debug_str     0x00006fed    0xfcd69 ./Core/Src/main.o
                             0x103a9d (size before relaxing)
 .debug_str     0x00103d56      0x15a ./Core/Src/stm32l4xx_hal_msp.o
                              0xffac1 (size before relaxing)
 .debug_str     0x00103eb0       0xf5 ./Core/Src/stm32l4xx_hal_timebase_tim.o
                              0xfefd8 (size before relaxing)
 .debug_str     0x00103fa5      0x128 ./Core/Src/stm32l4xx_it.o
                              0xfeaaf (size before relaxing)
 .debug_str     0x001040cd      0x4dc ./Core/Src/sysmem.o
                               0x60c2 (size before relaxing)
 .debug_str     0x001045a9       0xf2 ./Core/Src/system_stm32l4xx.o
                              0xfe528 (size before relaxing)
 .debug_str     0x0010469b       0x44 ./Core/Startup/startup_stm32l476rgtx.o
                                 0x75 (size before relaxing)
 .debug_str     0x001046df      0x64f ./Drivers/STM32L4xx_HAL_Driver/Src/stm32l4xx_hal.o
                              0xff127 (size before relaxing)
 .debug_str     0x00104d2e      0xa01 ./Drivers/STM32L4xx_HAL_Driver/Src/stm32l4xx_hal_adc.o
                              0xff36f (size before relaxing)
 .debug_str     0x0010572f      0x665 ./Drivers/STM32L4xx_HAL_Driver/Src/stm32l4xx_hal_adc_ex.o
                              0xff318 (size before relaxing)
 .debug_str     0x00105d94      0x355 ./Drivers/STM32L4xx_HAL_Driver/Src/stm32l4xx_hal_cortex.o
                              0xfeda1 (size before relaxing)
 .debug_str     0x001060e9      0x1f3 ./Drivers/STM32L4xx_HAL_Driver/Src/stm32l4xx_hal_dac.o
                              0xfe9f4 (size before relaxing)
 .debug_str     0x001062dc      0x18d ./Drivers/STM32L4xx_HAL_Driver/Src/stm32l4xx_hal_dac_ex.o
                              0xfe923 (size before relaxing)
 .debug_str     0x00106469      0x205 ./Drivers/STM32L4xx_HAL_Driver/Src/stm32l4xx_hal_dma.o
                              0xfe792 (size before relaxing)
 .debug_str     0x0010666e       0xff ./Drivers/STM32L4xx_HAL_Driver/Src/stm32l4xx_hal_gpio.o
                              0xfe6a1 (size before relaxing)
 .debug_str     0x0010676d      0x376 ./Drivers/STM32L4xx_HAL_Driver/Src/stm32l4xx_hal_opamp.o
                              0xfe8ab (size before relaxing)
 .debug_str     0x00106ae3      0x4d3 ./Drivers/STM32L4xx_HAL_Driver/Src/stm32l4xx_hal_pwr_ex.o
                              0xfea83 (size before relaxing)
 .debug_str     0x00106fb6      0x30f ./Drivers/STM32L4xx_HAL_Driver/Src/stm32l4xx_hal_rcc.o
                              0xfeb6e (size before relaxing)
 .debug_str     0x001072c5      0x3bf ./Drivers/STM32L4xx_HAL_Driver/Src/stm32l4xx_hal_rcc_ex.o
                              0xfece7 (size before relaxing)
 .debug_str     0x00107684      0xdcf ./Drivers/STM32L4xx_HAL_Driver/Src/stm32l4xx_hal_tim.o
                              0xff868 (size before relaxing)
 .debug_str     0x00108453      0x57f ./Drivers/STM32L4xx_HAL_Driver/Src/stm32l4xx_hal_tim_ex.o
                              0xff17c (size before relaxing)
 .debug_str     0x001089d2      0x89e ./Drivers/STM32L4xx_HAL_Driver/Src/stm32l4xx_hal_uart.o
                              0xff280 (size before relaxing)

.comment        0x00000000       0x43
 .comment       0x00000000       0x43 ./Core/Src/effects.o
                                 0x44 (size before relaxing)
 .comment       0x00000043       0x44 ./Core/Src/main.o
 .comment       0x00000043       0x44 ./Core/Src/stm32l4xx_hal_msp.o