../Core/Src/main.c:86:6:writeAnalog	16	static
../Core/Src/main.c:90:6:writeAudio	16	static
../Core/Src/main.c:95:6:sendMessageToComputer	16	static
../Core/Src/main.c:99:6:sendNumberToComputer	16	static
../Core/Src/main.c:112:10:processSample	16	static
../Core/Src/main.c:130:6:processHalfBuffer	32	static
../Core/Src/main.c:137:6:HAL_ADC_ConvHalfCpltCallback	16	static
../Core/Src/main.c:142:6:HAL_ADC_ConvCpltCallback	16	static
../Core/Src/main.c:146:10:readAnalog	16	static
../Core/Src/main.c:158:5:main	48	static
../Core/Src/main.c:233:6:SystemClock_Config	96	static
../Core/Src/main.c:282:6:PeriphCommonClock_Config	144	static
../Core/Src/main.c:308:13:MX_ADC1_Init	48	static
../Core/Src/main.c:375:13:MX_ADC2_Init	32	static
../Core/Src/main.c:433:13:MX_ADC3_Init	32	static
../Core/Src/main.c:491:13:MX_DAC1_Init	48	static
../Core/Src/main.c:542:13:MX_OPAMP2_Init	8	static
../Core/Src/main.c:575:13:MX_TIM2_Init	40	static
../Core/Src/main.c:620:13:MX_USART2_UART_Init	8	static
../Core/Src/main.c:653:13:MX_DMA_Init	16	static
../Core/Src/main.c:674:13:MX_GPIO_Init	48	static
../Core/Src/main.c:724:6:HAL_TIM_PeriodElapsedCallback	16	static
../Core/Src/main.c:741:6:Error_Handler	4	static,ignoring_inline_asm
