../Core/Src/main.c:88:6:writeAnalog	16	static
../Core/Src/main.c:92:6:writeAudio	16	static
../Core/Src/main.c:97:6:sendMessageToComputer	16	static
../Core/Src/main.c:101:6:sendNumberToComputer	16	static
../Core/Src/main.c:116:6:recordCurrentSampleForDelayEffects	16	static
../Core/Src/main.c:121:10:getDelaySample	16	static
../Core/Src/main.c:135:10:delay	24	static
../Core/Src/main.c:153:10:crossfade	16	static
../Core/Src/main.c:161:10:octaveUp	24	static
../Core/Src/main.c:172:10:octaveDown	24	static
../Core/Src/main.c:182:10:distortion	24	static
../Core/Src/main.c:202:10:processSample	24	static
../Core/Src/main.c:230:6:processHalfBuffer	32	static
../Core/Src/main.c:237:6:HAL_ADC_ConvHalfCpltCallback	16	static
../Core/Src/main.c:246:6:HAL_ADC_ConvCpltCallback	16	static
../Core/Src/main.c:254:10:readAnalog	16	static
../Core/Src/main.c:266:5:main	48	static
../Core/Src/main.c:349:6:SystemClock_Config	96	static
../Core/Src/main.c:398:6:PeriphCommonClock_Config	144	static
../Core/Src/main.c:424:13:MX_ADC1_Init	48	static
../Core/Src/main.c:491:13:MX_ADC2_Init	32	static
../Core/Src/main.c:549:13:MX_ADC3_Init	32	static
../Core/Src/main.c:607:13:MX_DAC1_Init	48	static
../Core/Src/main.c:658:13:MX_OPAMP2_Init	8	static
../Core/Src/main.c:691:13:MX_TIM2_Init	40	static
../Core/Src/main.c:736:13:MX_USART2_UART_Init	8	static
../Core/Src/main.c:769:13:MX_DMA_Init	16	static
../Core/Src/main.c:790:13:MX_GPIO_Init	48	static
../Core/Src/main.c:840:6:HAL_TIM_PeriodElapsedCallback	16	static
../Core/Src/main.c:857:6:Error_Handler	4	static,ignoring_inline_asm
